Archive member included to satisfy reference by file (symbol)

C:/devkitPro/libgba/lib\libmm.a(mm_effect.o)
                              game_logic.o (mmEffect)
C:/devkitPro/libgba/lib\libmm.a(mm_mas_arm.o)
                              C:/devkitPro/libgba/lib\libmm.a(mm_effect.o) (mmAllocChannel)
C:/devkitPro/libgba/lib\libmm.a(mm_mixer_gba.o)
                              skiii.o (mmVBlank)
C:/devkitPro/libgba/lib\libmm.a(mm_init_default.o)
                              skiii.o (mmInitDefault)
C:/devkitPro/libgba/lib\libmm.a(mm_main_gba.o)
                              C:/devkitPro/libgba/lib\libmm.a(mm_mixer_gba.o) (mm_vblank_function)
C:/devkitPro/libgba/lib\libmm.a(mm_mas.o)
                              C:/devkitPro/libgba/lib\libmm.a(mm_main_gba.o) (mmLayerMain)
C:/devkitPro/libgba/lib\libmm.a(mm_main.o)
                              C:/devkitPro/libgba/lib\libmm.a(mm_mas.o) (mmCallback)
C:/devkitPro/libtonc/lib\libtonc.a(tonc_core.o)
                              music.o (__snd_rates)
C:/devkitPro/libtonc/lib\libtonc.a(tonc_input.o)
                              skiii.o (key_poll)
C:/devkitPro/libtonc/lib\libtonc.a(tonc_irq.o)
                              skiii.o (irq_init)
C:/devkitPro/libtonc/lib\libtonc.a(tonc_oam.o)
                              boot_loader.o (oam_init)
C:/devkitPro/libtonc/lib\libtonc.a(tte_init_se.o)
                              boot_loader.o (tte_init_se)
C:/devkitPro/libtonc/lib\libtonc.a(tte_iohook.o)
                              boot_loader.o (tte_init_con)
C:/devkitPro/libtonc/lib\libtonc.a(tte_main.o)
                              C:/devkitPro/libtonc/lib\libtonc.a(tte_init_se.o) (tte_init_base)
C:/devkitPro/libtonc/lib\libtonc.a(tonc_bios_ex.o)
                              C:/devkitPro/libtonc/lib\libtonc.a(tte_main.o) (VBlankIntrDelay)
C:/devkitPro/libtonc/lib\libtonc.a(tonc_bios.o)
                              skiii.o (VBlankIntrWait)
C:/devkitPro/libtonc/lib\libtonc.a(tonc_isr_master.o)
                              C:/devkitPro/libtonc/lib\libtonc.a(tonc_irq.o) (isr_master)
C:/devkitPro/libtonc/lib\libtonc.a(tonc_memcpy.o)
                              boot_loader.o (memcpy32)
C:/devkitPro/libtonc/lib\libtonc.a(tonc_memset.o)
                              boot_loader.o (memset32)
C:/devkitPro/libtonc/lib\libtonc.a(tonc_nocash.o)
                              C:/devkitPro/libtonc/lib\libtonc.a(tte_iohook.o) (nocash_message)
C:/devkitPro/libtonc/lib\libtonc.a(sys8.o)
                              C:/devkitPro/libtonc/lib\libtonc.a(tte_init_se.o) (sys8Font)
C:/devkitPro/libtonc/lib\libtonc.a(tonc_surface.o)
                              C:/devkitPro/libtonc/lib\libtonc.a(tte_init_se.o) (srf_init)
C:/devkitPro/libtonc/lib\libtonc.a(se_drawg.o)
                              C:/devkitPro/libtonc/lib\libtonc.a(tte_init_se.o) (se_erase)
C:/devkitPro/libtonc/lib\libtonc.a(tonc_sbmp16.o)
                              C:/devkitPro/libtonc/lib\libtonc.a(se_drawg.o) (sbmp16_rect)
C:/devkitPro/devkitARM/bin/../lib/gcc/arm-none-eabi/16.1.0/thumb\libgcc.a(_udivsi3.o)
                              music.o (__aeabi_uidiv)
C:/devkitPro/devkitARM/bin/../lib/gcc/arm-none-eabi/16.1.0/thumb\libgcc.a(_divsi3.o)
                              C:/devkitPro/libtonc/lib\libtonc.a(tte_iohook.o) (__aeabi_idiv)
C:/devkitPro/devkitARM/bin/../lib/gcc/arm-none-eabi/16.1.0/thumb\libgcc.a(_dvmd_tls.o)
                              C:/devkitPro/devkitARM/bin/../lib/gcc/arm-none-eabi/16.1.0/thumb\libgcc.a(_udivsi3.o) (__aeabi_idiv0)
C:/devkitPro/devkitARM/bin/../lib/gcc/arm-none-eabi/16.1.0/thumb\libgcc.a(_call_via_rX.o)
                              C:/devkitPro/libgba/lib\libmm.a(mm_main_gba.o) (_call_via_r1)
C:/devkitPro/devkitARM/bin/../lib/gcc/arm-none-eabi/16.1.0/thumb\libgcc.a(_sync_none.o)
                              (__sync_synchronize_none)
C:/devkitPro/devkitARM/bin/../lib/gcc/arm-none-eabi/16.1.0/../../../../arm-none-eabi/lib/thumb\libg.a(libc_a-rand.o)
                              game_logic.o (srand)
C:/devkitPro/devkitARM/bin/../lib/gcc/arm-none-eabi/16.1.0/../../../../arm-none-eabi/lib/thumb\libg.a(libc_a-memset.o)
                              C:/devkitPro/libtonc/lib\libtonc.a(tte_main.o) (memset)
C:/devkitPro/devkitARM/bin/../lib/gcc/arm-none-eabi/16.1.0/../../../../arm-none-eabi/lib/thumb\libg.a(libc_a-setvbuf.o)
                              C:/devkitPro/libtonc/lib\libtonc.a(tte_iohook.o) (setvbuf)
C:/devkitPro/devkitARM/bin/../lib/gcc/arm-none-eabi/16.1.0/../../../../arm-none-eabi/lib/thumb\libg.a(libc_a-findfp.o)
                              C:/devkitPro/devkitARM/bin/../lib/gcc/arm-none-eabi/16.1.0/../../../../arm-none-eabi/lib/thumb\libg.a(libc_a-setvbuf.o) (__sinit)
C:/devkitPro/devkitARM/bin/../lib/gcc/arm-none-eabi/16.1.0/../../../../arm-none-eabi/lib/thumb\libg.a(libc_a-strtol.o)
                              C:/devkitPro/libtonc/lib\libtonc.a(tte_main.o) (strtol)
[...]
Memory Configuration

Name             Origin             Length             Attributes
rom              0x08000000         0x02000000
iwram            0x03000000         0x00008000
ewram            0x02000000         0x00040000
*default*        0x00000000         0xffffffff

Linker script and memory map

                0x00000000                        __sync_synchronize = __sync_synchronize_none
                0x08000000                        __text_start = ORIGIN (rom)
                0x02040000                        __eheap_end = (ORIGIN (ewram) + LENGTH (ewram))
                0x03000000                        __iwram_start = ORIGIN (iwram)
                0x03008000                        __iwram_top = (ORIGIN (iwram) + LENGTH (iwram))
                0x03007fa0                        __sp_irq = (__iwram_top - 0x60)
                0x03007f00                        __sp_usr = (__sp_irq - 0xa0)
                0x03007ff8                        __irq_flags = 0x3007ff8
                0x08000000                        . = __text_start

.crt0           0x08000000      0x210
 *(.crt0)
 .crt0          0x08000000      0x210 C:/devkitPro/devkitARM/bin/../lib/gcc/arm-none-eabi/16.1.0/../../../../arm-none-eabi/lib/thumb/gba_crt0.o
                0x08000000                _start
                0x080000c4                __boot_method
                0x080000c5                __slave_number
                0x080000e0                start_vector
                0x08000210                        . = ALIGN (0x4)

.init           0x08000210        0xc
 *(SORT_NONE(.init))
 .init          0x08000210        0x4 C:/devkitPro/devkitARM/bin/../lib/gcc/arm-none-eabi/16.1.0/thumb/crti.o
                0x08000210                _init
 .init          0x08000214        0x8 C:/devkitPro/devkitARM/bin/../lib/gcc/arm-none-eabi/16.1.0/thumb/crtn.o

.plt            0x0800021c        0x0
 *(.plt)
                0x0800021c                        . = ALIGN (0x4)

.text           0x08000220     0xbd10
 *(EXCLUDE_FILE(*.iwram*) .text*)
 .text.__do_global_dtors_aux
                0x08000220       0x2c C:/devkitPro/devkitARM/bin/../lib/gcc/arm-none-eabi/16.1.0/thumb/crtbegin.o
 .text.frame_dummy
                0x0800024c       0x24 C:/devkitPro/devkitARM/bin/../lib/gcc/arm-none-eabi/16.1.0/thumb/crtbegin.o
 .text          0x08000270      0x2a4 boot_loader.o
                0x08000270                load_sprites
                0x08000394                load_backgrounds
 .text          0x08000514      0x450 game_logic.o
                0x08000514                speed_up_logic
                0x08000570                game_setup
                0x08000680                process_game_frame
 .text          0x08000964       0x9c menu_navigation_manager.o
                0x08000964                get_current
                0x08000970                menu_set_active
                0x0800097c                menu_nav_up
                0x08000994                menu_nav_down
                0x080009ac                menu_nav_left
                0x080009c4                menu_nav_right
                0x080009dc                menu_select
 .text          0x08000a00      0x638 music.o
                0x08000da8                init_music
                0x08000e6c                loop_music_frame
 .text          0x08001038      0x2d0 save_to_gba.o
                0x08001038                write_highscore
                0x080011fc                initialize_save_file
                0x08001268                read_highscore
 .text          0x08001308       0x30 skiii.o
                0x08001308                set_game_state
                0x08001314                turn_on_results_backdrop
                0x08001324                turn_off_results_backdrop
 .text.startup  0x08001338      0x338 skiii.o
                0x08001338                main
 .text          0x08001670      0x1c4 ui_manager.o
                0x080016cc                change_ui_state
 .text          0x08001834      0x314 C:/devkitPro/libgba/lib\libmm.a(mm_effect.o)
                0x08001834                mmResetEffects
                0x08001860                mmEffect
                0x08001876                mmEffectEx
                0x08001976                mmEffectActive
                0x080019aa                mmEffectVolume
                0x080019c6                mmEffectPanning
                0x080019da                mmEffectRate
                0x080019ee                mmEffectCancel
                0x08001a28                mmEffectRelease
                0x08001a4e                mmEffectScaleRate
                0x08001a62                mmSetEffectsVolume
                0x08001a70                mmEffectCancelAll
                0x08001ab0                mmUpdateEffects
 .text          0x08001b48      0x1e0 C:/devkitPro/libgba/lib\libmm.a(mm_mixer_gba.o)
                0x08001b48                mmMixerSetSource
                0x08001b5c                mmMixerSetRead
                0x08001b6a                mmMixerSetFreq
                0x08001b7a                mmMixerMulFreq
                0x08001b8e                mmMixerStopChannel
                0x08001ba0                mmMixerChannelActive
                0x08001bb2                mmMixerSetVolume
                0x08001bc0                mmMixerSetPan
                0x08001bce                mmMixerInit
 .text          0x08001d28       0x44 C:/devkitPro/libgba/lib\libmm.a(mm_init_default.o)
                0x08001d28                mmInitDefault
 .text          0x08001d6c      0x12c C:/devkitPro/libgba/lib\libmm.a(mm_main_gba.o)
                0x08001d6c                mmInit
                0x08001dc0                mmSetVBlankHandler
                0x08001dc6                mmFrame
 .text          0x08001e98     0x1570 C:/devkitPro/libgba/lib\libmm.a(mm_mas.o)
                0x08001f0c                mmStart
                0x08001f2c                mmJingle
                0x08001f32                mmPlayModule
                0x08001ffc                mmPause
                0x08002018                mmResume
                0x08002028                mmActive
                0x0800202e                mmActiveSub
                0x08002034                mmSetModuleVolume
                0x08002044                mmSetJingleVolume
                0x08002080                mmGetPositionTick
                0x08002086                mmGetPositionRow
                0x0800208c                mmGetPosition
                0x08002092                mmPosition
                0x080020ac                mmSetModuleTempo
                0x080020de                mmSetModulePitch
                0x08002120                mmStop
                0x080021e6                mppUpdateSub
                0x08002342                mpp_Process_VolumeCommand
                0x0800257a                mpp_Process_Effect
                0x08002cc8                ST3_FREQTABLE
                0x080030e8                IT_PitchTable
 .text          0x08003408       0x14 C:/devkitPro/libgba/lib\libmm.a(mm_main.o)
                0x08003408                mpp_call_r7
                0x0800340a                mpp_call_r1
                0x0800340c                mpp_call_r2
                0x0800340e                mpp_call_r3
                0x08003410                mmSetEventHandler
 .text          0x0800341c       0xac C:/devkitPro/libtonc/lib\libtonc.a(tonc_input.o)
                0x0800341c                key_poll
                0x08003474                key_wait_till_hit
                0x08003498                key_repeat
                0x080034a4                key_repeat_mask
                0x080034b4                key_repeat_limits
 .text          0x080034c8      0x34c C:/devkitPro/libtonc/lib\libtonc.a(tonc_irq.o)
                0x080034c8                irq_init
                0x0800350c                irq_set_master
                0x08003538                irq_set
                0x0800364c                irq_add
                0x080036c0                irq_delete
                0x08003768                irq_enable
                0x080037bc                irq_disable
 .text          0x08003814       0xc0 C:/devkitPro/libtonc/lib\libtonc.a(tonc_oam.o)
                0x08003814                oam_init
                0x08003860                obj_copy
                0x08003880                obj_hide_multi
                0x080038a8                obj_unhide_multi
 .text          0x080038d4      0x160 C:/devkitPro/libtonc/lib\libtonc.a(tte_init_se.o)
                0x080038d4                tte_init_se
 .text          0x08003a34      0x368 C:/devkitPro/libtonc/lib\libtonc.a(tte_iohook.o)
                0x08003a34                tte_con_nocash
                0x08003aa8                tte_init_con
                0x08003af0                tte_cmd_vt100
                0x08003c4c                tte_con_write
 .text          0x08003d9c      0x984 C:/devkitPro/libtonc/lib\libtonc.a(tte_main.o)
                0x08003d9c                dummy_drawg
                0x08003da0                dummy_erase
                0x08003da4                tte_set_context
                0x08003dbc                tte_set_color_attr
                0x08003dcc                tte_set_color_attrs
                0x08003de8                tte_set_color
                0x08003e08                tte_set_colors
                0x08003e58                tte_init_base
                0x08003ee8                utf8_decode_char
                0x08003fa0                tte_cmd_skip
                0x08003fb0                tte_cmd_next
                0x08003fe4                tte_putc
                0x08004034                tte_erase_rect
                0x08004050                tte_erase_screen
                0x08004074                tte_erase_line
                0x0800409c                tte_cmd_default
                0x08004528                tte_write
                0x08004608                tte_write_ex
                0x08004638                tte_get_text_size
                0x08004700                tte_set_margins
 .text          0x08004720       0x54 C:/devkitPro/libtonc/lib\libtonc.a(tonc_bios_ex.o)
                0x08004720                VBlankIntrDelay
                0x08004730                DivSafe
                0x08004744                Mod
                0x0800474c                DivAbs
                0x08004754                DivArmMod
                0x0800475c                DivArmAbs
                0x08004764                CpuFastFill
 .text          0x08004774       0x8c C:/devkitPro/libtonc/lib\libtonc.a(tonc_bios.o)
                0x08004774                SoftReset
                0x08004778                RegisterRamReset
                0x0800477c                Halt
                0x08004780                Stop
                0x08004784                IntrWait
                0x08004788                VBlankIntrWait
                0x0800478c                Div
                0x08004790                DivArm
                0x08004794                Sqrt
                0x08004798                ArcTan
                0x0800479c                ArcTan2
                0x080047a0                CpuSet
                0x080047a4                CpuFastSet
                0x080047a8                BiosCheckSum
                0x080047ac                BgAffineSet
                0x080047b0                ObjAffineSet
                0x080047b4                BitUnPack
                0x080047b8                LZ77UnCompWram
                0x080047bc                LZ77UnCompVram
                0x080047c0                HuffUnComp
                0x080047c4                RLUnCompWram
                0x080047c8                RLUnCompVram
                0x080047cc                Diff8bitUnFilterWram
                0x080047d0                Diff8bitUnFilterVram
                0x080047d4                Diff16bitUnFilter
                0x080047d8                SoundBias
                0x080047dc                SoundDriverInit
                0x080047e0                SoundDriverMode
                0x080047e4                SoundDriverMain
                0x080047e8                SoundDriverVSync
                0x080047ec                SoundChannelClear
                0x080047f0                MidiKey2Freq
                0x080047f4                MultiBoot
                0x080047f8                SoundDriverVSyncOff
                0x080047fc                SoundDriverVSyncOn
 .text          0x08004800       0x44 C:/devkitPro/libtonc/lib\libtonc.a(tonc_memcpy.o)
                0x08004800                memcpy16
 .text          0x08004844       0x3c C:/devkitPro/libtonc/lib\libtonc.a(tonc_memset.o)
                0x08004844                memset16
 .text          0x08004880      0x154 C:/devkitPro/libtonc/lib\libtonc.a(tonc_surface.o)
                0x08004880                srf_init
                0x08004940                srf_pal_copy
                0x0800496c                srf_get_ptr
 .text          0x080049d4      0x170 C:/devkitPro/libtonc/lib\libtonc.a(se_drawg.o)
                0x080049d4                se_erase
                0x08004a00                se_drawg_w8h8
                0x08004a2c                se_drawg_w8h16
                0x08004a6c                se_drawg
                0x08004ad8                se_drawg_s
 .text          0x08004b44      0x538 C:/devkitPro/libtonc/lib\libtonc.a(tonc_sbmp16.o)
                0x08004b44                sbmp16_get_pixel
                0x08004b54                sbmp16_plot
                0x08004b68                sbmp16_vline
                0x08004ba8                sbmp16_line
                0x08004c9c                sbmp16_hline
                0x08004ccc                sbmp16_blit
                0x08004e34                sbmp16_frame
                0x08004ec8                sbmp16_rect
                0x08004f34                sbmp16_floodfill_internal
                0x0800504c                sbmp16_floodfill
 .text          0x0800507c      0x11c C:/devkitPro/devkitARM/bin/../lib/gcc/arm-none-eabi/16.1.0/thumb\libgcc.a(_udivsi3.o)
                0x0800507c                __aeabi_uidiv
                0x0800507c                __udivsi3
                0x08005178                __aeabi_uidivmod
 .text          0x08005198      0x150 C:/devkitPro/devkitARM/bin/../lib/gcc/arm-none-eabi/16.1.0/thumb\libgcc.a(_divsi3.o)
                0x08005198                __divsi3
                0x08005198                __aeabi_idiv
                0x080052c8                __aeabi_idivmod
 .text          0x080052e8        0x4 C:/devkitPro/devkitARM/bin/../lib/gcc/arm-none-eabi/16.1.0/thumb\libgcc.a(_dvmd_tls.o)
                0x080052e8                __aeabi_idiv0
                0x080052e8                __aeabi_ldiv0
 .text          0x080052ec       0x3c C:/devkitPro/devkitARM/bin/../lib/gcc/arm-none-eabi/16.1.0/thumb\libgcc.a(_call_via_rX.o)
                0x080052ec                _call_via_r0
                0x080052f0                _call_via_r1
                0x080052f4                _call_via_r2
                0x080052f8                _call_via_r3
                0x080052fc                _call_via_r4
                0x08005300                _call_via_r5
                0x08005304                _call_via_r6
                0x08005308                _call_via_r7
                0x0800530c                _call_via_r8
                0x08005310                _call_via_r9
                0x08005314                _call_via_sl
                0x08005318                _call_via_fp
                0x0800531c                _call_via_ip
                0x08005320                _call_via_sp
                0x08005324                _call_via_lr
 .text.srand    0x08005328       0x18 C:/devkitPro/devkitARM/bin/../lib/gcc/arm-none-eabi/16.1.0/../../../../arm-none-eabi/lib/thumb\libg.a(libc_a-rand.o)
                0x08005328                srand
 .text.rand     0x08005340       0x30 C:/devkitPro/devkitARM/bin/../lib/gcc/arm-none-eabi/16.1.0/../../../../arm-none-eabi/lib/thumb\libg.a(libc_a-rand.o)
                0x08005340                rand
 .text.memset   0x08005370       0x8c C:/devkitPro/devkitARM/bin/../lib/gcc/arm-none-eabi/16.1.0/../../../../arm-none-eabi/lib/thumb\libg.a(libc_a-memset.o)
                0x08005370                memset
 .text.setvbuf  0x080053fc      0x1ac C:/devkitPro/devkitARM/bin/../lib/gcc/arm-none-eabi/16.1.0/../../../../arm-none-eabi/lib/thumb\libg.a(libc_a-setvbuf.o)
                0x080053fc                setvbuf
 .text.stdio_exit_handler
                0x080055a8       0x20 C:/devkitPro/devkitARM/bin/../lib/gcc/arm-none-eabi/16.1.0/../../../../arm-none-eabi/lib/thumb\libg.a(libc_a-findfp.o)
 .text.cleanup_stdio
                0x080055c8       0x40 C:/devkitPro/devkitARM/bin/../lib/gcc/arm-none-eabi/16.1.0/../../../../arm-none-eabi/lib/thumb\libg.a(libc_a-findfp.o)
 .text.global_stdio_init.part.0
                0x08005608      0x120 C:/devkitPro/devkitARM/bin/../lib/gcc/arm-none-eabi/16.1.0/../../../../arm-none-eabi/lib/thumb\libg.a(libc_a-findfp.o)
 .text.__sinit  0x08005728       0x3c C:/devkitPro/devkitARM/bin/../lib/gcc/arm-none-eabi/16.1.0/../../../../arm-none-eabi/lib/thumb\libg.a(libc_a-findfp.o)
                0x08005728                __sinit
 .text.__sfp_lock_acquire
                0x08005764       0x14 C:/devkitPro/devkitARM/bin/../lib/gcc/arm-none-eabi/16.1.0/../../../../arm-none-eabi/lib/thumb\libg.a(libc_a-findfp.o)
                0x08005764                __sfp_lock_acquire
 .text.__sfp_lock_release
                0x08005778       0x14 C:/devkitPro/devkitARM/bin/../lib/gcc/arm-none-eabi/16.1.0/../../../../arm-none-eabi/lib/thumb\libg.a(libc_a-findfp.o)
                0x08005778                __sfp_lock_release
 .text._strtol_l.part.0
                0x0800578c      0x25c C:/devkitPro/devkitARM/bin/../lib/gcc/arm-none-eabi/16.1.0/../../../../arm-none-eabi/lib/thumb\libg.a(libc_a-strtol.o)
 .text._strtol_r
                0x080059e8       0x34 C:/devkitPro/devkitARM/bin/../lib/gcc/arm-none-eabi/16.1.0/../../../../arm-none-eabi/lib/thumb\libg.a(libc_a-strtol.o)
                0x080059e8                _strtol_r
 .text.strtol   0x08005a1c       0x38 C:/devkitPro/devkitARM/bin/../lib/gcc/arm-none-eabi/16.1.0/../../../../arm-none-eabi/lib/thumb\libg.a(libc_a-strtol.o)
                0x08005a1c                strtol
 .text.__libc_init_array
                0x08005a54       0x54 C:/devkitPro/devkitARM/bin/../lib/gcc/arm-none-eabi/16.1.0/../../../../arm-none-eabi/lib/thumb\libg.a(libc_a-init.o)
                0x08005a54                __libc_init_array
 .text.strncpy  0x08005aa8       0x68 C:/devkitPro/devkitARM/bin/../lib/gcc/arm-none-eabi/16.1.0/../../../../arm-none-eabi/lib/thumb\libg.a(libc_a-strncpy.o)
                0x08005aa8                strncpy
 .text.malloc   0x08005b10       0x28 C:/devkitPro/devkitARM/bin/../lib/gcc/arm-none-eabi/16.1.0/../../../../arm-none-eabi/lib/thumb\libg.a(libc_a-malloc.o)
                0x08005b10                malloc
 .text.free     0x08005b38       0x14 C:/devkitPro/devkitARM/bin/../lib/gcc/arm-none-eabi/16.1.0/../../../../arm-none-eabi/lib/thumb\libg.a(libc_a-malloc.o)
                0x08005b38                free
 .text.siscanf  0x08005b4c       0x50 C:/devkitPro/devkitARM/bin/../lib/gcc/arm-none-eabi/16.1.0/../../../../arm-none-eabi/lib/thumb\libg.a(libc_a-siscanf.o)
                0x08005b4c                siscanf
 .text.__sread  0x08005b9c       0x34 C:/devkitPro/devkitARM/bin/../lib/gcc/arm-none-eabi/16.1.0/../../../../arm-none-eabi/lib/thumb\libg.a(libc_a-stdio.o)
                0x08005b9c                __sread
 .text.__seofread
                0x08005bd0        0x4 C:/devkitPro/devkitARM/bin/../lib/gcc/arm-none-eabi/16.1.0/../../../../arm-none-eabi/lib/thumb\libg.a(libc_a-stdio.o)
                0x08005bd0                __seofread
 .text.__swrite
                0x08005bd4       0x4c C:/devkitPro/devkitARM/bin/../lib/gcc/arm-none-eabi/16.1.0/../../../../arm-none-eabi/lib/thumb\libg.a(libc_a-stdio.o)
                0x08005bd4                __swrite
 .text.__sseek  0x08005c20       0x3c C:/devkitPro/devkitARM/bin/../lib/gcc/arm-none-eabi/16.1.0/../../../../arm-none-eabi/lib/thumb\libg.a(libc_a-stdio.o)
                0x08005c20                __sseek
 .text.__sclose
                0x08005c5c       0x10 C:/devkitPro/devkitARM/bin/../lib/gcc/arm-none-eabi/16.1.0/../../../../arm-none-eabi/lib/thumb\libg.a(libc_a-stdio.o)
                0x08005c5c                __sclose
 .text.memmove  0x08005c6c      0x108 C:/devkitPro/devkitARM/bin/../lib/gcc/arm-none-eabi/16.1.0/../../../../arm-none-eabi/lib/thumb\libg.a(libc_a-memmove.o)
                0x08005c6c                memmove
 .text.iprintf  0x08005d74       0x28 C:/devkitPro/devkitARM/bin/../lib/gcc/arm-none-eabi/16.1.0/../../../../arm-none-eabi/lib/thumb\libg.a(libc_a-iprintf.o)
                0x08005d74                iprintf
 .text._fclose_r
                0x08005d9c       0xe0 C:/devkitPro/devkitARM/bin/../lib/gcc/arm-none-eabi/16.1.0/../../../../arm-none-eabi/lib/thumb\libg.a(libc_a-fclose.o)
                0x08005d9c                _fclose_r
 .text.get_arg  0x08005e7c      0x404 C:/devkitPro/devkitARM/bin/../lib/gcc/arm-none-eabi/16.1.0/../../../../arm-none-eabi/lib/thumb\libg.a(libc_a-vfiprintf.o)
 .text._vfiprintf_r
                0x08006280     0x16d8 C:/devkitPro/devkitARM/bin/../lib/gcc/arm-none-eabi/16.1.0/../../../../arm-none-eabi/lib/thumb\libg.a(libc_a-vfiprintf.o)
                0x08006280                _vfiprintf_r
 .text.__sbprintf
                0x08007958       0x7c C:/devkitPro/devkitARM/bin/../lib/gcc/arm-none-eabi/16.1.0/../../../../arm-none-eabi/lib/thumb\libg.a(libc_a-vfiprintf.o)
 .text.strlen   0x080079d4       0x60 C:/devkitPro/devkitARM/bin/../lib/gcc/arm-none-eabi/16.1.0/../../../../arm-none-eabi/lib/thumb\libg.a(libc_a-strlen.o)
                0x080079d4                strlen
 .text._fwalk_sglue
                0x08007a34       0x4c C:/devkitPro/devkitARM/bin/../lib/gcc/arm-none-eabi/16.1.0/../../../../arm-none-eabi/lib/thumb\libg.a(libc_a-fwalk.o)
                0x08007a34                _fwalk_sglue
 .text._wcrtomb_r
                0x08007a80       0x88 C:/devkitPro/devkitARM/bin/../lib/gcc/arm-none-eabi/16.1.0/../../../../arm-none-eabi/lib/thumb\libg.a(libc_a-wcrtomb.o)
                0x08007a80                _wcrtomb_r
 .text._memalign_r
                0x08007b08      0x118 C:/devkitPro/devkitARM/bin/../lib/gcc/arm-none-eabi/16.1.0/../../../../arm-none-eabi/lib/thumb\libg.a(libc_a-malignr.o)
                0x08007b08                _memalign_r
 .text.__errno  0x08007c20        0xc C:/devkitPro/devkitARM/bin/../lib/gcc/arm-none-eabi/16.1.0/../../../../arm-none-eabi/lib/thumb\libg.a(libc_a-errno.o)
                0x08007c20                __errno
 .text.__smakebuf_r
                0x08007c2c       0xe0 C:/devkitPro/devkitARM/bin/../lib/gcc/arm-none-eabi/16.1.0/../../../../arm-none-eabi/lib/thumb\libg.a(libc_a-makebuf.o)
                0x08007c2c                __smakebuf_r
 .text.__swhatbuf_r
                0x08007d0c       0x5c C:/devkitPro/devkitARM/bin/../lib/gcc/arm-none-eabi/16.1.0/../../../../arm-none-eabi/lib/thumb\libg.a(libc_a-makebuf.o)
                0x08007d0c                __swhatbuf_r
 .text.__locale_mb_cur_max
                0x08007d68       0x20 C:/devkitPro/devkitARM/bin/../lib/gcc/arm-none-eabi/16.1.0/../../../../arm-none-eabi/lib/thumb\libg.a(libc_a-locale.o)
                0x08007d68                __locale_mb_cur_max
 .text.__sflush_r
                0x08007d88      0x180 C:/devkitPro/devkitARM/bin/../lib/gcc/arm-none-eabi/16.1.0/../../../../arm-none-eabi/lib/thumb\libg.a(libc_a-fflush.o)
                0x08007d88                __sflush_r
 .text._fflush_r
                0x08007f08       0x70 C:/devkitPro/devkitARM/bin/../lib/gcc/arm-none-eabi/16.1.0/../../../../arm-none-eabi/lib/thumb\libg.a(libc_a-fflush.o)
                0x08007f08                _fflush_r
 .text.__sprint_r
                0x08007f78       0x24 C:/devkitPro/devkitARM/bin/../lib/gcc/arm-none-eabi/16.1.0/../../../../arm-none-eabi/lib/thumb\libg.a(libc_a-sprint_r.o)
                0x08007f78                __sprint_r
 .text._malloc_r
                0x08007f9c      0x550 C:/devkitPro/devkitARM/bin/../lib/gcc/arm-none-eabi/16.1.0/../../../../arm-none-eabi/lib/thumb\libg.a(libc_a-mallocr.o)
                0x08007f9c                _malloc_r
 .text._malloc_trim_r
                0x080084ec       0xac C:/devkitPro/devkitARM/bin/../lib/gcc/arm-none-eabi/16.1.0/../../../../arm-none-eabi/lib/thumb\libg.a(libc_a-freer.o)
                0x080084ec                _malloc_trim_r
 .text._free_r  0x08008598      0x1d8 C:/devkitPro/devkitARM/bin/../lib/gcc/arm-none-eabi/16.1.0/../../../../arm-none-eabi/lib/thumb\libg.a(libc_a-freer.o)
                0x08008598                _free_r
 .text.get_arg  0x08008770       0x3e C:/devkitPro/devkitARM/bin/../lib/gcc/arm-none-eabi/16.1.0/../../../../arm-none-eabi/lib/thumb\libg.a(libc_a-svfiscanf.o)
 .text._sungetc_r
                0x080087ae       0x7e C:/devkitPro/devkitARM/bin/../lib/gcc/arm-none-eabi/16.1.0/../../../../arm-none-eabi/lib/thumb\libg.a(libc_a-svfiscanf.o)
                0x080087ae                _sungetc_r
 .text.__ssrefill_r
                0x0800882c       0x42 C:/devkitPro/devkitARM/bin/../lib/gcc/arm-none-eabi/16.1.0/../../../../arm-none-eabi/lib/thumb\libg.a(libc_a-svfiscanf.o)
                0x0800882c                __ssrefill_r
 .text._sfread_r
                0x0800886e       0x88 C:/devkitPro/devkitARM/bin/../lib/gcc/arm-none-eabi/16.1.0/../../../../arm-none-eabi/lib/thumb\libg.a(libc_a-svfiscanf.o)
                0x0800886e                _sfread_r
 *fill*         0x080088f6        0x2 ff
 .text.__ssvfiscanf_r
                0x080088f8     0x19d8 C:/devkitPro/devkitARM/bin/../lib/gcc/arm-none-eabi/16.1.0/../../../../arm-none-eabi/lib/thumb\libg.a(libc_a-svfiscanf.o)
                0x080088f8                __ssvfiscanf_r
 .text.memchr   0x0800a2d0       0x74 C:/devkitPro/devkitARM/bin/../lib/gcc/arm-none-eabi/16.1.0/../../../../arm-none-eabi/lib/thumb\libg.a(libc_a-memchr-stub.o)
                0x0800a2d0                memchr
 .text._wcsrtombs_r
                0x0800a344       0x20 C:/devkitPro/devkitARM/bin/../lib/gcc/arm-none-eabi/16.1.0/../../../../arm-none-eabi/lib/thumb\libg.a(libc_a-wcsrtombs.o)
                0x0800a344                _wcsrtombs_r
 .text.__swsetup_r
                0x0800a364       0xd4 C:/devkitPro/devkitARM/bin/../lib/gcc/arm-none-eabi/16.1.0/../../../../arm-none-eabi/lib/thumb\libg.a(libc_a-wsetup.o)
                0x0800a364                __swsetup_r
 .text._localeconv_r
                0x0800a438       0x20 C:/devkitPro/devkitARM/bin/../lib/gcc/arm-none-eabi/16.1.0/../../../../arm-none-eabi/lib/thumb\libg.a(libc_a-localeconv.o)
                0x0800a438                _localeconv_r
 .text.__malloc_lock
                0x0800a458       0x14 C:/devkitPro/devkitARM/bin/../lib/gcc/arm-none-eabi/16.1.0/../../../../arm-none-eabi/lib/thumb\libg.a(libc_a-mlock.o)
                0x0800a458                __malloc_lock
 .text.__malloc_unlock
                0x0800a46c       0x14 C:/devkitPro/devkitARM/bin/../lib/gcc/arm-none-eabi/16.1.0/../../../../arm-none-eabi/lib/thumb\libg.a(libc_a-mlock.o)
                0x0800a46c                __malloc_unlock
 .text.__utf8_wctomb
                0x0800a480       0xbc C:/devkitPro/devkitARM/bin/../lib/gcc/arm-none-eabi/16.1.0/../../../../arm-none-eabi/lib/thumb\libg.a(libc_a-wctomb_r.o)
                0x0800a480                __utf8_wctomb
 .text._wcsnrtombs_l
                0x0800a53c      0x120 C:/devkitPro/devkitARM/bin/../lib/gcc/arm-none-eabi/16.1.0/../../../../arm-none-eabi/lib/thumb\libg.a(libc_a-wcsnrtombs.o)
                0x0800a53c                _wcsnrtombs_l
 .text._wcsnrtombs_r
                0x0800a65c       0x40 C:/devkitPro/devkitARM/bin/../lib/gcc/arm-none-eabi/16.1.0/../../../../arm-none-eabi/lib/thumb\libg.a(libc_a-wcsnrtombs.o)
                0x0800a65c                _wcsnrtombs_r
 .text.memcpy   0x0800a69c       0xac C:/devkitPro/devkitARM/bin/../lib/gcc/arm-none-eabi/16.1.0/../../../../arm-none-eabi/lib/thumb\libg.a(libc_a-memcpy-stub.o)
                0x0800a69c                memcpy
 .text.iswspace
                0x0800a748       0x10 C:/devkitPro/devkitARM/bin/../lib/gcc/arm-none-eabi/16.1.0/../../../../arm-none-eabi/lib/thumb\libg.a(libc_a-iswspace.o)
                0x0800a748                iswspace
 .text._strtoull_l.isra.0
                0x0800a758      0x1c0 C:/devkitPro/devkitARM/bin/../lib/gcc/arm-none-eabi/16.1.0/../../../../arm-none-eabi/lib/thumb\libg.a(libc_a-strtoull.o)
 .text._strtoull_r
                0x0800a918       0x20 C:/devkitPro/devkitARM/bin/../lib/gcc/arm-none-eabi/16.1.0/../../../../arm-none-eabi/lib/thumb\libg.a(libc_a-strtoull.o)
                0x0800a918                _strtoull_r
 .text._strtoul_l.isra.0
                0x0800a938      0x150 C:/devkitPro/devkitARM/bin/../lib/gcc/arm-none-eabi/16.1.0/../../../../arm-none-eabi/lib/thumb\libg.a(libc_a-strtoul.o)
 .text._strtoul_r
                0x0800aa88       0x20 C:/devkitPro/devkitARM/bin/../lib/gcc/arm-none-eabi/16.1.0/../../../../arm-none-eabi/lib/thumb\libg.a(libc_a-strtoul.o)
                0x0800aa88                _strtoul_r
 .text.__submore
                0x0800aaa8       0x7c C:/devkitPro/devkitARM/bin/../lib/gcc/arm-none-eabi/16.1.0/../../../../arm-none-eabi/lib/thumb\libg.a(libc_a-ungetc.o)
                0x0800aaa8                __submore
 .text.__utf8_mbtowc
                0x0800ab24      0x24c C:/devkitPro/devkitARM/bin/../lib/gcc/arm-none-eabi/16.1.0/../../../../arm-none-eabi/lib/thumb\libg.a(libc_a-mbtowc_r.o)
                0x0800ab24                __utf8_mbtowc
 .text._mbrtowc_r
                0x0800ad70       0x9c C:/devkitPro/devkitARM/bin/../lib/gcc/arm-none-eabi/16.1.0/../../../../arm-none-eabi/lib/thumb\libg.a(libc_a-mbrtowc.o)
                0x0800ad70                _mbrtowc_r
 .text.__sfvwrite_r
                0x0800ae0c      0x31c C:/devkitPro/devkitARM/bin/../lib/gcc/arm-none-eabi/16.1.0/../../../../arm-none-eabi/lib/thumb\libg.a(libc_a-fvwrite.o)
                0x0800ae0c                __sfvwrite_r
 .text.__sccl   0x0800b128       0xb0 C:/devkitPro/devkitARM/bin/../lib/gcc/arm-none-eabi/16.1.0/../../../../arm-none-eabi/lib/thumb\libg.a(libc_a-sccl.o)
                0x0800b128                __sccl
 .text._strtoll_l.isra.0
                0x0800b1d8      0x300 C:/devkitPro/devkitARM/bin/../lib/gcc/arm-none-eabi/16.1.0/../../../../arm-none-eabi/lib/thumb\libg.a(libc_a-strtoll.o)
 .text._strtoll_r
                0x0800b4d8       0x20 C:/devkitPro/devkitARM/bin/../lib/gcc/arm-none-eabi/16.1.0/../../../../arm-none-eabi/lib/thumb\libg.a(libc_a-strtoll.o)
                0x0800b4d8                _strtoll_r
 .text.realloc  0x0800b4f8       0x18 C:/devkitPro/devkitARM/bin/../lib/gcc/arm-none-eabi/16.1.0/../../../../arm-none-eabi/lib/thumb\libg.a(libc_a-realloc.o)
                0x0800b4f8                realloc
 .text._realloc_r
                0x0800b510      0x344 C:/devkitPro/devkitARM/bin/../lib/gcc/arm-none-eabi/16.1.0/../../../../arm-none-eabi/lib/thumb\libg.a(libc_a-reallocr.o)
                0x0800b510                _realloc_r
 .text.iswspace_l
                0x0800b854       0x28 C:/devkitPro/devkitARM/bin/../lib/gcc/arm-none-eabi/16.1.0/../../../../arm-none-eabi/lib/thumb\libg.a(libc_a-iswspace_l.o)
                0x0800b854                iswspace_l
 .text.category
                0x0800b87c       0x5c C:/devkitPro/devkitARM/bin/../lib/gcc/arm-none-eabi/16.1.0/../../../../arm-none-eabi/lib/thumb\libg.a(libc_a-categories.o)
                0x0800b87c                category
 .text._fstat_r
                0x0800b8d8       0x5c C:/devkitPro/devkitARM/bin/../lib/gcc/arm-none-eabi/16.1.0/../../../../arm-none-eabi/lib/thumb\libsysbase.a(libsysbase_libsysbase_a-fstat.o)
                0x0800b8d8                _fstat_r
 .text.__getreent
                0x0800b934       0x20 C:/devkitPro/devkitARM/bin/../lib/gcc/arm-none-eabi/16.1.0/../../../../arm-none-eabi/lib/thumb\libsysbase.a(libsysbase_libsysbase_a-getreent.o)
                0x0800b934                __getreent
 .text.__get_handle
                0x0800b954       0x34 C:/devkitPro/devkitARM/bin/../lib/gcc/arm-none-eabi/16.1.0/../../../../arm-none-eabi/lib/thumb\libsysbase.a(libsysbase_libsysbase_a-handle_manager.o)
                0x0800b954                __get_handle
 .text._close_r
                0x0800b988       0xb0 C:/devkitPro/devkitARM/bin/../lib/gcc/arm-none-eabi/16.1.0/../../../../arm-none-eabi/lib/thumb\libsysbase.a(libsysbase_libsysbase_a-handle_manager.o)
                0x0800b988                _close_r
 .text.null_write
                0x0800ba38        0x4 C:/devkitPro/devkitARM/bin/../lib/gcc/arm-none-eabi/16.1.0/../../../../arm-none-eabi/lib/thumb\libsysbase.a(libsysbase_libsysbase_a-iosupport.o)
 .text._isatty_r
                0x0800ba3c        0x4 C:/devkitPro/devkitARM/bin/../lib/gcc/arm-none-eabi/16.1.0/../../../../arm-none-eabi/lib/thumb\libsysbase.a(libsysbase_libsysbase_a-isatty.o)
                0x0800ba3c                _isatty_r
 .text._lseek_r
                0x0800ba40       0x64 C:/devkitPro/devkitARM/bin/../lib/gcc/arm-none-eabi/16.1.0/../../../../arm-none-eabi/lib/thumb\libsysbase.a(libsysbase_libsysbase_a-lseek.o)
                0x0800ba40                _lseek_r
 .text._read_r  0x0800baa4       0x5c C:/devkitPro/devkitARM/bin/../lib/gcc/arm-none-eabi/16.1.0/../../../../arm-none-eabi/lib/thumb\libsysbase.a(libsysbase_libsysbase_a-read.o)
                0x0800baa4                _read_r
 .text._sbrk_r  0x0800bb00       0x50 C:/devkitPro/devkitARM/bin/../lib/gcc/arm-none-eabi/16.1.0/../../../../arm-none-eabi/lib/thumb\libsysbase.a(libsysbase_libsysbase_a-sbrk.o)
                0x0800bb00                _sbrk_r
 .text.__libc_lock_acquire
                0x0800bb50       0x18 C:/devkitPro/devkitARM/bin/../lib/gcc/arm-none-eabi/16.1.0/../../../../arm-none-eabi/lib/thumb\libsysbase.a(libsysbase_libsysbase_a-syscall_support.o)
                0x0800bb50                __libc_lock_acquire
 .text.__libc_lock_release
                0x0800bb68       0x18 C:/devkitPro/devkitARM/bin/../lib/gcc/arm-none-eabi/16.1.0/../../../../arm-none-eabi/lib/thumb\libsysbase.a(libsysbase_libsysbase_a-syscall_support.o)
                0x0800bb68                __libc_lock_release
 .text.__libc_lock_acquire_recursive
                0x0800bb80       0x18 C:/devkitPro/devkitARM/bin/../lib/gcc/arm-none-eabi/16.1.0/../../../../arm-none-eabi/lib/thumb\libsysbase.a(libsysbase_libsysbase_a-syscall_support.o)
                0x0800bb80                __libc_lock_acquire_recursive
 .text.__libc_lock_release_recursive
                0x0800bb98       0x18 C:/devkitPro/devkitARM/bin/../lib/gcc/arm-none-eabi/16.1.0/../../../../arm-none-eabi/lib/thumb\libsysbase.a(libsysbase_libsysbase_a-syscall_support.o)
                0x0800bb98                __libc_lock_release_recursive
 .text._write_r
                0x0800bbb0       0x5c C:/devkitPro/devkitARM/bin/../lib/gcc/arm-none-eabi/16.1.0/../../../../arm-none-eabi/lib/thumb\libsysbase.a(libsysbase_libsysbase_a-write.o)
                0x0800bbb0                _write_r
 .text          0x0800bc0c       0x14 C:/devkitPro/devkitARM/bin/../lib/gcc/arm-none-eabi/16.1.0/thumb\libgcc.a(_thumb1_case_uqi.o)
                0x0800bc0c                __gnu_thumb1_case_uqi
 .text          0x0800bc20       0x14 C:/devkitPro/devkitARM/bin/../lib/gcc/arm-none-eabi/16.1.0/thumb\libgcc.a(_thumb1_case_uhi.o)
                0x0800bc20                __gnu_thumb1_case_uhi
 .text          0x0800bc34       0x3c C:/devkitPro/devkitARM/bin/../lib/gcc/arm-none-eabi/16.1.0/thumb\libgcc.a(_aeabi_uldivmod.o)
                0x0800bc34                __aeabi_uldivmod
 .text.__muldi3
                0x0800bc70       0x58 C:/devkitPro/devkitARM/bin/../lib/gcc/arm-none-eabi/16.1.0/thumb\libgcc.a(_muldi3.o)
                0x0800bc70                __muldi3
                0x0800bc70                __aeabi_lmul
 .text.__udivmoddi4
                0x0800bcc8      0x194 C:/devkitPro/devkitARM/bin/../lib/gcc/arm-none-eabi/16.1.0/thumb\libgcc.a(_udivmoddi4.o)
                0x0800bcc8                __udivmoddi4
 .text          0x0800be5c       0x28 C:/devkitPro/devkitARM/bin/../lib/gcc/arm-none-eabi/16.1.0/thumb\libgcc.a(_clzdi2.o)
                0x0800be5c                __clzdi2
 .text          0x0800be84       0x48 C:/devkitPro/devkitARM/bin/../lib/gcc/arm-none-eabi/16.1.0/thumb\libgcc.a(_clzsi2.o)
                0x0800be84                __clzsi2
 *fill*         0x0800becc        0x4 ff
 .text.__stub   0x0800bed0       0x54 linker stubs
 *(.gnu.linkonce.t.*)
 *(.text.*personality*)
 *(.gnu.warning)
 *(.glue_7t)
 .glue_7t       0x0800bf24        0x0 linker stubs
 *(.glue_7)
 .glue_7        0x0800bf24        0x0 linker stubs
 *(.vfp11_veneer)
 .vfp11_veneer  0x0800bf24        0x0 linker stubs
                0x0800bf24                        . = ALIGN (0x4)
                0x0800bf30                        __text_end = .

.v4_bx          0x0800bf30        0x0
 .v4_bx         0x0800bf30        0x0 linker stubs

.iplt           0x0800bf30        0x0
 .iplt          0x0800bf30        0x0 C:/devkitPro/devkitARM/bin/../lib/gcc/arm-none-eabi/16.1.0/../../../../arm-none-eabi/lib/thumb/gba_crt0.o

.fini           0x0800bf30        0xc
 *(.fini)
 .fini          0x0800bf30        0x4 C:/devkitPro/devkitARM/bin/../lib/gcc/arm-none-eabi/16.1.0/thumb/crti.o
                0x0800bf30                _fini
 .fini          0x0800bf34        0x8 C:/devkitPro/devkitARM/bin/../lib/gcc/arm-none-eabi/16.1.0/thumb/crtn.o
                0x0800bf3c                        . = ALIGN (0x4)

.rodata         0x0800bf3c    0x11b50
 *(.rodata)
 .rodata        0x0800bf3c      0x29c music.o
 .rodata        0x0800c1d8      0x220 options.o
                0x0800c1d8                optionsTiles
                0x0800c3d8                optionsPal
 .rodata        0x0800c3f8     0x14e0 results_backdrop.o
                0x0800c3f8                results_backdropTiles
                0x0800c8b8                results_backdropMap
                0x0800d8b8                results_backdropPal
 .rodata        0x0800d8d8     0x1220 skiii_logo.o
                0x0800d8d8                skiii_logoTiles
                0x0800e2d8                skiii_logoMap
                0x0800ead8                skiii_logoPal
 .rodata        0x0800eaf8     0x4940 snow_floor32.o
                0x0800eaf8                snow_floor32Tiles
                0x08012c18                snow_floor32Map
                0x08013418                snow_floor32Pal
 .rodata        0x08013438      0x220 square_objects.o
                0x08013438                square_objectsTiles
                0x08013638                square_objectsPal
 .rodata        0x08013658      0x320 start.o
                0x08013658                startTiles
                0x08013958                startPal
 .rodata        0x08013978       0x58 C:/devkitPro/libtonc/lib\libtonc.a(tonc_core.o)
                0x08013978                __snd_rates
                0x080139a8                bg_aff_default
                0x080139b8                oam_sizes
 .rodata        0x080139d0       0x38 C:/devkitPro/libtonc/lib\libtonc.a(tonc_irq.o)
 .rodata        0x08013a08      0x1d4 C:/devkitPro/libtonc/lib\libtonc.a(tte_iohook.o)
                0x08013adc                tte_dotab_nocash
                0x08013b5c                tte_dotab_stdout
 .rodata        0x08013bdc      0x150 C:/devkitPro/libtonc/lib\libtonc.a(tte_main.o)
 .rodata        0x08013d2c      0x318 C:/devkitPro/libtonc/lib\libtonc.a(sys8.o)
                0x08013d2c                sys8Font
                0x08013d44                sys8Glyphs
 .rodata        0x08014044       0x1c C:/devkitPro/libtonc/lib\libtonc.a(tonc_surface.o)
 *all.rodata*(*)
 *(.roda)
 *(.rodata.*)
 .rodata.soundbank_bin
                0x08014060     0x5ce8 soundbank.bin.o
                0x08014060                soundbank_bin
                0x08019d48                soundbank_bin_end
 .rodata.str1.4
                0x08019d48      0x180 save_to_gba.o
                                  0x6 (size before relaxing)
 .rodata.str1.4
                0x08019ec8        0x0 skiii.o
                                 0x7f (size before relaxing)
 .rodata.str1.4
                0x08019ec8        0x0 ui_manager.o
                                 0x69 (size before relaxing)
 .rodata.str1.4
                0x08019ec8        0x0 C:/devkitPro/libtonc/lib\libtonc.a(tte_iohook.o)
                                 0x3b (size before relaxing)
 .rodata._vfiprintf_r.str1.1
                0x08019ec8       0x29 C:/devkitPro/devkitARM/bin/../lib/gcc/arm-none-eabi/16.1.0/../../../../arm-none-eabi/lib/thumb\libg.a(libc_a-vfiprintf.o)
 *fill*         0x08019ef1        0x3 ff
 .rodata.zeroes.0
                0x08019ef4       0x10 C:/devkitPro/devkitARM/bin/../lib/gcc/arm-none-eabi/16.1.0/../../../../arm-none-eabi/lib/thumb\libg.a(libc_a-vfiprintf.o)
 .rodata.blanks.1
                0x08019f04       0x10 C:/devkitPro/devkitARM/bin/../lib/gcc/arm-none-eabi/16.1.0/../../../../arm-none-eabi/lib/thumb\libg.a(libc_a-vfiprintf.o)
 .rodata._ctype_
                0x08019f14      0x101 C:/devkitPro/devkitARM/bin/../lib/gcc/arm-none-eabi/16.1.0/../../../../arm-none-eabi/lib/thumb\libg.a(libc_a-ctype_.o)
                0x08019f14                _ctype_
 *fill*         0x0801a015        0x3 ff
 .rodata.__action_table
                0x0801a018       0x6c C:/devkitPro/devkitARM/bin/../lib/gcc/arm-none-eabi/16.1.0/../../../../arm-none-eabi/lib/thumb\libg.a(libc_a-svfiprintf.o)
                0x0801a018                __action_table
 .rodata.__state_table
                0x0801a084       0x6c C:/devkitPro/devkitARM/bin/../lib/gcc/arm-none-eabi/16.1.0/../../../../arm-none-eabi/lib/thumb\libg.a(libc_a-svfiprintf.o)
                0x0801a084                __state_table
 .rodata.__chclass
                0x0801a0f0      0x100 C:/devkitPro/devkitARM/bin/../lib/gcc/arm-none-eabi/16.1.0/../../../../arm-none-eabi/lib/thumb\libg.a(libc_a-svfiprintf.o)
                0x0801a0f0                __chclass
 .rodata.str1.4
                0x0801a1f0        0x0 C:/devkitPro/devkitARM/bin/../lib/gcc/arm-none-eabi/16.1.0/../../../../arm-none-eabi/lib/thumb\libg.a(libc_a-locale.o)
                                 0x4c (size before relaxing)
 .rodata.basefix.0
                0x0801a1f0       0x22 C:/devkitPro/devkitARM/bin/../lib/gcc/arm-none-eabi/16.1.0/../../../../arm-none-eabi/lib/thumb\libg.a(libc_a-svfiscanf.o)
 .rodata._mbrtowc_r.str1.4
                0x0801a212        0x0 C:/devkitPro/devkitARM/bin/../lib/gcc/arm-none-eabi/16.1.0/../../../../arm-none-eabi/lib/thumb\libg.a(libc_a-mbrtowc.o)
                                  0x1 (size before relaxing)
 *fill*         0x0801a212        0x2 ff
 .rodata.categories
                0x0801a214     0x37f8 C:/devkitPro/devkitARM/bin/../lib/gcc/arm-none-eabi/16.1.0/../../../../arm-none-eabi/lib/thumb\libg.a(libc_a-categories.o)
 .rodata.str1.4
                0x0801da0c        0x0 C:/devkitPro/devkitARM/bin/../lib/gcc/arm-none-eabi/16.1.0/../../../../arm-none-eabi/lib/thumb\libsysbase.a(libsysbase_libsysbase_a-iosupport.o)
                                  0x8 (size before relaxing)
 .rodata.dotab_stdnull
                0x0801da0c       0x80 C:/devkitPro/devkitARM/bin/../lib/gcc/arm-none-eabi/16.1.0/../../../../arm-none-eabi/lib/thumb\libsysbase.a(libsysbase_libsysbase_a-iosupport.o)
                0x0801da0c                dotab_stdnull
 *(.gnu.linkonce.r*)
                0x0801da8c                        . = ALIGN (0x4)

.ARM.extab
 *(.ARM.extab* .gnu.linkonce.armextab.*)
                0x0801da8c                        __exidx_start = .

.ARM.exidx
 *(.ARM.exidx* .gnu.linkonce.armexidx.*)
                0x0801da8c                        __exidx_end = .

.ctors          0x0801da8c        0x0
 *crtbegin.o(.ctors)
 *(EXCLUDE_FILE(*crtend.o) .ctors)
 *(SORT_BY_NAME(.ctors.*))
 *(.ctors)
                0x0801da8c                        . = ALIGN (0x4)

.dtors          0x0801da8c        0x0
 *crtbegin.o(.dtors)
 *(EXCLUDE_FILE(*crtend.o) .dtors)
 *(SORT_BY_NAME(.dtors.*))
 *(.dtors)
                0x0801da8c                        . = ALIGN (0x4)

.eh_frame       0x0801da8c        0x4
 *(.eh_frame)
 .eh_frame      0x0801da8c        0x0 C:/devkitPro/devkitARM/bin/../lib/gcc/arm-none-eabi/16.1.0/thumb/crtbegin.o
 .eh_frame      0x0801da8c        0x4 C:/devkitPro/devkitARM/bin/../lib/gcc/arm-none-eabi/16.1.0/thumb/crtend.o
                0x0801da90                        . = ALIGN (0x4)

.gcc_except_table
                0x0801da90        0x0
 *(.gcc_except_table)
                0x0801da90                        . = ALIGN (0x4)
                0x0801da90                        __iwram_lma = .

.iwram          0x03000000     0x1504 load address 0x0801da90
                0x03000000                        __iwram_start__ = ABSOLUTE (.)
 *(.iwram .iwram*)
 .iwram         0x03000000      0x648 C:/devkitPro/libgba/lib\libmm.a(mm_mas_arm.o)
                0x03000000                mmAllocChannel
                0x03000074                mmReadPattern
                0x03000160                mmUpdateChannel_T0
                0x030003a0                mmUpdateChannel_TN
                0x03000540                mmGetPeriod
                0x03000584                note_table_oct
                0x030005a2                note_table_mod
 .iwram         0x03000648      0x838 C:/devkitPro/libgba/lib\libmm.a(mm_mixer_gba.o)
                0x0300064c                mmVBlank
                0x030006d0                mmMixerMix
 .iwram         0x03000e80        0x8 C:/devkitPro/libgba/lib\libmm.a(mm_main_gba.o)
                0x03000e80                mpp_call_r7i
                0x03000e82                mpp_call_r2i
                0x03000e84                mpp_call_r1i
 .iwram         0x03000e88      0x554 C:/devkitPro/libgba/lib\libmm.a(mm_mas.o)
                0x03000e88                mppProcessTick
                0x03000f6c                mpp_Channel_NewNote
                0x0300104c                mpp_Update_ACHN_notest
 .iwram         0x030013dc       0xa4 C:/devkitPro/libtonc/lib\libtonc.a(tonc_isr_master.o)
                0x030013dc                isr_master
 .iwram         0x03001480       0x38 C:/devkitPro/libtonc/lib\libtonc.a(tonc_memcpy.o)
                0x03001480                memcpy32
 .iwram         0x030014b8       0x4c C:/devkitPro/libtonc/lib\libtonc.a(tonc_memset.o)
                0x030014b8                memset32
 *iwram.*(.text* .data*)
                0x03001504                        . = ALIGN (0x4)
                0x03001504                        __iwram_end__ = ABSOLUTE (.)
                0x0801ef94                        __data_lma = (__iwram_lma + SIZEOF (.iwram))

.bss            0x03001504      0xe50
                0x03001504                        __bss_start = ABSOLUTE (.)
                0x03001504                        __bss_start__ = ABSOLUTE (.)
 *(.dynbss)
 *(.gnu.linkonce.b*)
 *(.bss*)
 .bss.completed.1
                0x03001504        0x1 C:/devkitPro/devkitARM/bin/../lib/gcc/arm-none-eabi/16.1.0/thumb/crtbegin.o
 *fill*         0x03001505        0x3 
 .bss.object.0  0x03001508       0x18 C:/devkitPro/devkitARM/bin/../lib/gcc/arm-none-eabi/16.1.0/thumb/crtbegin.o
 .bss           0x03001520      0x400 boot_loader.o
                0x03001520                allObjects
 .bss           0x03001920        0xc game_logic.o
 .bss           0x0300192c        0x4 menu_navigation_manager.o
 .bss           0x03001930       0x2c music.o
 .bss           0x0300195c        0x1 skiii.o
                0x0300195c                game_state
 *fill*         0x0300195d        0x3 
 .bss           0x03001960       0x2d C:/devkitPro/libgba/lib\libmm.a(mm_effect.o)
                0x03001984                mm_sfx_bitmask
                0x03001988                mm_sfx_clearmask
 *fill*         0x0300198d        0x3 
 .bss           0x03001990      0x1bc C:/devkitPro/libgba/lib\libmm.a(mm_mixer_gba.o)
                0x03001990                mp_writepos
                0x03001998                mm_mixchannels
                0x030019a0                mm_mixlen
                0x030019b4                mm_bpmdv
                0x030019b8                mp_mix_seg
 .bss           0x03001b4c      0x420 C:/devkitPro/libgba/lib\libmm.a(mm_init_default.o)
 .bss           0x03001f6c        0x8 C:/devkitPro/libgba/lib\libmm.a(mm_main_gba.o)
                0x03001f6c                mm_vblank_function
                0x03001f70                mp_solution
 .bss           0x03001f74      0x148 C:/devkitPro/libgba/lib\libmm.a(mm_mas.o)
                0x03001f74                mmLayerMain
                0x03001fac                mmLayerSub
                0x03001fe4                mpp_vars
                0x03001ff4                mpp_layerp
                0x03001ff8                mpp_channels
                0x03002008                mpp_nchannels
                0x03002009                mpp_clayer
                0x0300200c                mm_achannels
                0x03002010                mm_pchannels
                0x03002014                mm_num_mch
                0x03002018                mm_num_ach
                0x0300201c                mm_schannels
 .bss           0x030020bc        0x8 C:/devkitPro/libgba/lib\libmm.a(mm_main.o)
                0x030020bc                mmCallback
                0x030020c0                mm_ch_mask
 .bss           0x030020c4        0x4 C:/devkitPro/libtonc/lib\libtonc.a(tonc_input.o)
                0x030020c4                __key_curr
                0x030020c6                __key_prev
 .bss           0x030020c8       0x78 C:/devkitPro/libtonc/lib\libtonc.a(tonc_irq.o)
                0x030020c8                __isr_table
 .bss           0x03002140        0x4 C:/devkitPro/libtonc/lib\libtonc.a(tte_iohook.o)
 .bss           0x03002144       0x48 C:/devkitPro/libtonc/lib\libtonc.a(tte_main.o)
                0x03002144                __tte_main_context
 .bss.__sfp_recursive_mutex
                0x0300218c        0xc C:/devkitPro/devkitARM/bin/../lib/gcc/arm-none-eabi/16.1.0/../../../../arm-none-eabi/lib/thumb\libg.a(libc_a-findfp.o)
 .bss.__sf      0x03002198      0x168 C:/devkitPro/devkitARM/bin/../lib/gcc/arm-none-eabi/16.1.0/../../../../arm-none-eabi/lib/thumb\libg.a(libc_a-findfp.o)
                0x03002198                __sf
 .bss.__stdio_exit_handler
                0x03002300        0x4 C:/devkitPro/devkitARM/bin/../lib/gcc/arm-none-eabi/16.1.0/../../../../arm-none-eabi/lib/thumb\libg.a(libc_a-findfp.o)
                0x03002300                __stdio_exit_handler
 .bss.__malloc_current_mallinfo
                0x03002304       0x28 C:/devkitPro/devkitARM/bin/../lib/gcc/arm-none-eabi/16.1.0/../../../../arm-none-eabi/lib/thumb\libg.a(libc_a-mallocr.o)
                0x03002304                __malloc_current_mallinfo
 .bss.__malloc_max_total_mem
                0x0300232c        0x4 C:/devkitPro/devkitARM/bin/../lib/gcc/arm-none-eabi/16.1.0/../../../../arm-none-eabi/lib/thumb\libg.a(libc_a-mallocr.o)
                0x0300232c                __malloc_max_total_mem
 .bss.__malloc_max_sbrked_mem
                0x03002330        0x4 C:/devkitPro/devkitARM/bin/../lib/gcc/arm-none-eabi/16.1.0/../../../../arm-none-eabi/lib/thumb\libg.a(libc_a-mallocr.o)
                0x03002330                __malloc_max_sbrked_mem
 .bss.__malloc_top_pad
                0x03002334        0x4 C:/devkitPro/devkitARM/bin/../lib/gcc/arm-none-eabi/16.1.0/../../../../arm-none-eabi/lib/thumb\libg.a(libc_a-mallocr.o)
                0x03002334                __malloc_top_pad
 .bss.__malloc_recursive_mutex
                0x03002338        0xc C:/devkitPro/devkitARM/bin/../lib/gcc/arm-none-eabi/16.1.0/../../../../arm-none-eabi/lib/thumb\libg.a(libc_a-mlock.o)
 .bss.__hndl_lock
                0x03002344        0x4 C:/devkitPro/devkitARM/bin/../lib/gcc/arm-none-eabi/16.1.0/../../../../arm-none-eabi/lib/thumb\libsysbase.a(libsysbase_libsysbase_a-handle_manager.o)
 .bss.fake_heap_start
                0x03002348        0x4 C:/devkitPro/devkitARM/bin/../lib/gcc/arm-none-eabi/16.1.0/../../../../arm-none-eabi/lib/thumb\libsysbase.a(libsysbase_libsysbase_a-malloc_vars.o)
                0x03002348                fake_heap_start
 .bss.fake_heap_end
                0x0300234c        0x4 C:/devkitPro/devkitARM/bin/../lib/gcc/arm-none-eabi/16.1.0/../../../../arm-none-eabi/lib/thumb\libsysbase.a(libsysbase_libsysbase_a-malloc_vars.o)
                0x0300234c                fake_heap_end
 .bss.heap_start.0
                0x03002350        0x4 C:/devkitPro/devkitARM/bin/../lib/gcc/arm-none-eabi/16.1.0/../../../../arm-none-eabi/lib/thumb\libsysbase.a(libsysbase_libsysbase_a-sbrk.o)
 *(COMMON)
                0x03002354                        . = ALIGN (0x4)
                0x03002354                        __bss_end__ = ABSOLUTE (.)

.data           0x03002354     0x19d4 load address 0x0801ef94
                0x03002354                        __data_start__ = ABSOLUTE (.)
 *(.data*)
 .data          0x03002354        0x9 game_logic.o
                0x0300235c                input_buffer
 *fill*         0x0300235d        0x3 ff
 .data          0x03002360       0x90 ui_manager.o
 .data          0x030023f0        0x8 C:/devkitPro/libtonc/lib\libtonc.a(tonc_input.o)
                0x030023f0                __key_rpt
 .data          0x030023f8        0x4 C:/devkitPro/libtonc/lib\libtonc.a(tte_main.o)
                0x030023f8                gp_tte_context
 .data.__sglue  0x030023fc        0xc C:/devkitPro/devkitARM/bin/../lib/gcc/arm-none-eabi/16.1.0/../../../../arm-none-eabi/lib/thumb\libg.a(libc_a-findfp.o)
                0x030023fc                __sglue
 .data._impure_ptr
                0x03002408        0x4 C:/devkitPro/devkitARM/bin/../lib/gcc/arm-none-eabi/16.1.0/../../../../arm-none-eabi/lib/thumb\libg.a(libc_a-impure.o)
                0x03002408                _impure_ptr
 *fill*         0x0300240c        0x4 ff
 .data._impure_data
                0x03002410      0x200 C:/devkitPro/devkitARM/bin/../lib/gcc/arm-none-eabi/16.1.0/../../../../arm-none-eabi/lib/thumb\libg.a(libc_a-impure.o)
                0x03002410                _impure_data
 .data.__global_locale
                0x03002610      0x254 C:/devkitPro/devkitARM/bin/../lib/gcc/arm-none-eabi/16.1.0/../../../../arm-none-eabi/lib/thumb\libg.a(libc_a-locale.o)
                0x03002610                __global_locale
 .data.__malloc_sbrk_base
                0x03002864        0x4 C:/devkitPro/devkitARM/bin/../lib/gcc/arm-none-eabi/16.1.0/../../../../arm-none-eabi/lib/thumb\libg.a(libc_a-mallocr.o)
                0x03002864                __malloc_sbrk_base
 .data.__malloc_trim_threshold
                0x03002868        0x4 C:/devkitPro/devkitARM/bin/../lib/gcc/arm-none-eabi/16.1.0/../../../../arm-none-eabi/lib/thumb\libg.a(libc_a-mallocr.o)
                0x03002868                __malloc_trim_threshold
 *fill*         0x0300286c        0x4 ff
 .data.__malloc_av_
                0x03002870      0x408 C:/devkitPro/devkitARM/bin/../lib/gcc/arm-none-eabi/16.1.0/../../../../arm-none-eabi/lib/thumb\libg.a(libc_a-mallocr.o)
                0x03002870                __malloc_av_
 .data.handles  0x03002c78     0x1000 C:/devkitPro/devkitARM/bin/../lib/gcc/arm-none-eabi/16.1.0/../../../../arm-none-eabi/lib/thumb\libsysbase.a(libsysbase_libsysbase_a-handle_manager.o)
 .data.__stderr_handle
                0x03003c78        0xc C:/devkitPro/devkitARM/bin/../lib/gcc/arm-none-eabi/16.1.0/../../../../arm-none-eabi/lib/thumb\libsysbase.a(libsysbase_libsysbase_a-handle_manager.o)
 .data.__stdout_handle
                0x03003c84        0xc C:/devkitPro/devkitARM/bin/../lib/gcc/arm-none-eabi/16.1.0/../../../../arm-none-eabi/lib/thumb\libsysbase.a(libsysbase_libsysbase_a-handle_manager.o)
 .data.__stdin_handle
                0x03003c90        0xc C:/devkitPro/devkitARM/bin/../lib/gcc/arm-none-eabi/16.1.0/../../../../arm-none-eabi/lib/thumb\libsysbase.a(libsysbase_libsysbase_a-handle_manager.o)
 .data.devoptab_list
                0x03003c9c       0x8c C:/devkitPro/devkitARM/bin/../lib/gcc/arm-none-eabi/16.1.0/../../../../arm-none-eabi/lib/thumb\libsysbase.a(libsysbase_libsysbase_a-iosupport.o)
                0x03003c9c                devoptab_list
 *(.gnu.linkonce.d*)
                0x03003d28                        . = ALIGN (0x4)
                0x08020968                        __preinit_lma = (__data_lma + SIZEOF (.data))

.igot.plt       0x03003d28        0x0 load address 0x08020968
 .igot.plt      0x03003d28        0x0 C:/devkitPro/devkitARM/bin/../lib/gcc/arm-none-eabi/16.1.0/../../../../arm-none-eabi/lib/thumb/gba_crt0.o

.preinit_array  0x03003d28        0x0 load address 0x08020968
                0x03003d28                        __preinit_array_start = ABSOLUTE (.)
 *(.preinit_array)
                0x03003d28                        __preinit_array_end = ABSOLUTE (.)
                0x08020968                        __init_lma = (__preinit_lma + SIZEOF (.preinit_array))

.init_array     0x03003d28        0x4 load address 0x08020968
                0x03003d28                        __init_array_start = ABSOLUTE (.)
 *(SORT_BY_NAME(.init_array.*))
 *(.init_array)
 .init_array    0x03003d28        0x4 C:/devkitPro/devkitARM/bin/../lib/gcc/arm-none-eabi/16.1.0/thumb/crtbegin.o
                0x03003d2c                        __init_array_end = ABSOLUTE (.)
                0x0802096c                        __fini_lma = (__init_lma + SIZEOF (.init_array))

.fini_array     0x03003d2c        0x4 load address 0x0802096c
                0x03003d2c                        __fini_array_start = ABSOLUTE (.)
 *(SORT_BY_NAME(.fini_array.*))
 *(.fini_array)
 .fini_array    0x03003d2c        0x4 C:/devkitPro/devkitARM/bin/../lib/gcc/arm-none-eabi/16.1.0/thumb/crtbegin.o
                0x03003d30                        __fini_array_end = ABSOLUTE (.)
                0x08020970                        __jcr_lma = (__fini_lma + SIZEOF (.fini_array))

.jcr
 *(.jcr)
                0x03003d30                        __data_end__ = ABSOLUTE (.)
                0x08020970                        __iwram_overlay_lma = (__jcr_lma + SIZEOF (.jcr))
                0x03003d30                        __iwram_overlay_start = .

.iwram0         0x03003d30        0x0 load address 0x08020970
 *(.iwram0)
                0x03003d30                        . = ALIGN (0x4)
                0x08020970                        PROVIDE (__load_start_iwram0 = LOADADDR (.iwram0))
                0x08020970                        PROVIDE (__load_stop_iwram0 = (LOADADDR (.iwram0) + SIZEOF (.iwram0)))

.iwram1         0x03003d30        0x0
 *(.iwram1)
                0x03003d30                        . = ALIGN (0x4)
                [!provide]                        PROVIDE (__load_start_iwram1 = LOADADDR (.iwram1))
                [!provide]                        PROVIDE (__load_stop_iwram1 = (LOADADDR (.iwram1) + SIZEOF (.iwram1)))

.iwram2         0x03003d30        0x0
 *(.iwram2)
                0x03003d30                        . = ALIGN (0x4)
                [!provide]                        PROVIDE (__load_start_iwram2 = LOADADDR (.iwram2))
                [!provide]                        PROVIDE (__load_stop_iwram2 = (LOADADDR (.iwram2) + SIZEOF (.iwram2)))

.iwram3         0x03003d30        0x0
 *(.iwram3)
                0x03003d30                        . = ALIGN (0x4)
                [!provide]                        PROVIDE (__load_start_iwram3 = LOADADDR (.iwram3))
                [!provide]                        PROVIDE (__load_stop_iwram3 = (LOADADDR (.iwram3) + SIZEOF (.iwram3)))

.iwram4         0x03003d30        0x0
 *(.iwram4)
                0x03003d30                        . = ALIGN (0x4)
                [!provide]                        PROVIDE (__load_start_iwram4 = LOADADDR (.iwram4))
                [!provide]                        PROVIDE (__load_stop_iwram4 = (LOADADDR (.iwram4) + SIZEOF (.iwram4)))

.iwram5         0x03003d30        0x0
 *(.iwram5)
                0x03003d30                        . = ALIGN (0x4)
                [!provide]                        PROVIDE (__load_start_iwram5 = LOADADDR (.iwram5))
                [!provide]                        PROVIDE (__load_stop_iwram5 = (LOADADDR (.iwram5) + SIZEOF (.iwram5)))

.iwram6         0x03003d30        0x0
 *(.iwram6)
                0x03003d30                        . = ALIGN (0x4)
                [!provide]                        PROVIDE (__load_start_iwram6 = LOADADDR (.iwram6))
                [!provide]                        PROVIDE (__load_stop_iwram6 = (LOADADDR (.iwram6) + SIZEOF (.iwram6)))

.iwram7         0x03003d30        0x0
 *(.iwram7)
                0x03003d30                        . = ALIGN (0x4)
                [!provide]                        PROVIDE (__load_start_iwram7 = LOADADDR (.iwram7))
                [!provide]                        PROVIDE (__load_stop_iwram7 = (LOADADDR (.iwram7) + SIZEOF (.iwram7)))

.iwram8         0x03003d30        0x0
 *(.iwram8)
                0x03003d30                        . = ALIGN (0x4)
                [!provide]                        PROVIDE (__load_start_iwram8 = LOADADDR (.iwram8))
                [!provide]                        PROVIDE (__load_stop_iwram8 = (LOADADDR (.iwram8) + SIZEOF (.iwram8)))

.iwram9         0x03003d30        0x0
 *(.iwram9)
                0x03003d30                        . = ALIGN (0x4)
                [!provide]                        PROVIDE (__load_start_iwram9 = LOADADDR (.iwram9))
                [!provide]                        PROVIDE (__load_stop_iwram9 = (LOADADDR (.iwram9) + SIZEOF (.iwram9)))
                0x03003d30                        __iwram_overlay_end = .
                0x08020970                        __ewram_lma = (__iwram_overlay_lma + (__iwram_overlay_end - __iwram_overlay_start))
                0x03003d30                        __iheap_start = .
                0x02000000                        __ewram_start = ORIGIN (ewram)

.ewram          0x02000000       0x5c load address 0x08020970
 *(.ewram*)
 .ewram         0x02000000       0x5c C:/devkitPro/libtonc/lib\libtonc.a(tonc_nocash.o)
                0x02000000                nocash_message
                0x02000008                nocash_buffer
                0x0200005c                        . = ALIGN (0x4)
                0x0200005c                        __ewram_end = ABSOLUTE (.)
                0x080209cc                        __pad_lma = (__ewram_lma + SIZEOF (.ewram))

.sbss           0x0200005c        0x0
                0x0200005c                        __sbss_start__ = ABSOLUTE (.)
 *(.sbss*)
                0x0200005c                        . = ALIGN (0x4)
                0x0200005c                        __sbss_end__ = ABSOLUTE (.)
                0x0200005c                        __end__ = ABSOLUTE (.)
                0x0200005c                        __eheap_start = ABSOLUTE (.)

.pad            0x0200005c        0x8 load address 0x080209cc
                0x0200005c        0x4 LONG 0x52416b64
                0x02000060        0x4 LONG 0x4d
                0x02000064                        . = ALIGN (0x4)
                0x080209d4                        __rom_end__ = (__pad_lma + SIZEOF (.pad))

.rel.dyn        0x02000064        0x0 load address 0x080209d4
 .rel.iplt      0x02000064        0x0 C:/devkitPro/devkitARM/bin/../lib/gcc/arm-none-eabi/16.1.0/../../../../arm-none-eabi/lib/thumb/gba_crt0.o

.stab
 *(.stab)

.stabstr
 *(.stabstr)

.stab.excl
 *(.stab.excl)

.stab.exclstr
 *(.stab.exclstr)

.stab.index
 *(.stab.index)

.stab.indexstr
 *(.stab.indexstr)

.comment        0x00000000       0x3b
 *(.comment)
 .comment       0x00000000       0x3b C:/devkitPro/devkitARM/bin/../lib/gcc/arm-none-eabi/16.1.0/thumb/crtbegin.o
                                 0x19 (size before relaxing)
 .comment       0x0000003b        0x0 boot_loader.o
                                 0x19 (size before relaxing)
 .comment       0x0000003b        0x0 game_logic.o
                                 0x19 (size before relaxing)
 .comment       0x0000003b        0x0 menu_navigation_manager.o
                                 0x19 (size before relaxing)
 .comment       0x0000003b        0x0 music.o
                                 0x19 (size before relaxing)
 .comment       0x0000003b        0x0 save_to_gba.o
                                 0x19 (size before relaxing)
 .comment       0x0000003b        0x0 skiii.o
                                 0x19 (size before relaxing)
 .comment       0x0000003b        0x0 ui_manager.o
                                 0x19 (size before relaxing)
 .comment       0x0000003b        0x0 C:/devkitPro/libtonc/lib\libtonc.a(tonc_core.o)
                                 0x24 (size before relaxing)
 .comment       0x0000003b        0x0 C:/devkitPro/libtonc/lib\libtonc.a(tonc_input.o)
                                 0x24 (size before relaxing)
 .comment       0x0000003b        0x0 C:/devkitPro/libtonc/lib\libtonc.a(tonc_irq.o)
                                 0x24 (size before relaxing)
 .comment       0x0000003b        0x0 C:/devkitPro/libtonc/lib\libtonc.a(tonc_oam.o)
                                 0x24 (size before relaxing)
 .comment       0x0000003b        0x0 C:/devkitPro/libtonc/lib\libtonc.a(tte_init_se.o)
                                 0x24 (size before relaxing)
 .comment       0x0000003b        0x0 C:/devkitPro/libtonc/lib\libtonc.a(tte_iohook.o)
                                 0x24 (size before relaxing)
 .comment       0x0000003b        0x0 C:/devkitPro/libtonc/lib\libtonc.a(tte_main.o)
                                 0x24 (size before relaxing)
 .comment       0x0000003b        0x0 C:/devkitPro/libtonc/lib\libtonc.a(tonc_surface.o)
                                 0x24 (size before relaxing)
 .comment       0x0000003b        0x0 C:/devkitPro/libtonc/lib\libtonc.a(se_drawg.o)
                                 0x24 (size before relaxing)
 .comment       0x0000003b        0x0 C:/devkitPro/libtonc/lib\libtonc.a(tonc_sbmp16.o)
                                 0x24 (size before relaxing)
 .comment       0x0000003b        0x0 C:/devkitPro/devkitARM/bin/../lib/gcc/arm-none-eabi/16.1.0/thumb\libgcc.a(_muldi3.o)
                                 0x19 (size before relaxing)
 .comment       0x0000003b        0x0 C:/devkitPro/devkitARM/bin/../lib/gcc/arm-none-eabi/16.1.0/thumb\libgcc.a(_udivmoddi4.o)
                                 0x19 (size before relaxing)
 .comment       0x0000003b        0x0 C:/devkitPro/devkitARM/bin/../lib/gcc/arm-none-eabi/16.1.0/thumb/crtend.o
                                 0x19 (size before relaxing)

.debug
 *(.debug)

.line
 *(.line)

.debug_srcinfo
 *(.debug_srcinfo)

.debug_sfnames
 *(.debug_sfnames)

.debug_aranges  0x00000000      0x248
 *(.debug_aranges)
 .debug_aranges
                0x00000000       0x20 boot_loader.o
 .debug_aranges
                0x00000020       0x20 game_logic.o
 .debug_aranges
                0x00000040       0x20 menu_navigation_manager.o
 .debug_aranges
                0x00000060       0x20 music.o
 .debug_aranges
                0x00000080       0x20 save_to_gba.o
 .debug_aranges
                0x000000a0       0x28 skiii.o
 .debug_aranges
                0x000000c8       0x20 ui_manager.o
 .debug_aranges
                0x000000e8       0x20 C:/devkitPro/devkitARM/bin/../lib/gcc/arm-none-eabi/16.1.0/thumb\libgcc.a(_udivsi3.o)
 .debug_aranges
                0x00000108       0x20 C:/devkitPro/devkitARM/bin/../lib/gcc/arm-none-eabi/16.1.0/thumb\libgcc.a(_divsi3.o)
 .debug_aranges
                0x00000128       0x20 C:/devkitPro/devkitARM/bin/../lib/gcc/arm-none-eabi/16.1.0/thumb\libgcc.a(_dvmd_tls.o)
 .debug_aranges
                0x00000148       0x20 C:/devkitPro/devkitARM/bin/../lib/gcc/arm-none-eabi/16.1.0/thumb\libgcc.a(_call_via_rX.o)
 .debug_aranges
                0x00000168       0x20 C:/devkitPro/devkitARM/bin/../lib/gcc/arm-none-eabi/16.1.0/thumb\libgcc.a(_thumb1_case_uqi.o)
 .debug_aranges
                0x00000188       0x20 C:/devkitPro/devkitARM/bin/../lib/gcc/arm-none-eabi/16.1.0/thumb\libgcc.a(_thumb1_case_uhi.o)
 .debug_aranges
                0x000001a8       0x20 C:/devkitPro/devkitARM/bin/../lib/gcc/arm-none-eabi/16.1.0/thumb\libgcc.a(_aeabi_uldivmod.o)
 .debug_aranges
                0x000001c8       0x20 C:/devkitPro/devkitARM/bin/../lib/gcc/arm-none-eabi/16.1.0/thumb\libgcc.a(_muldi3.o)
 .debug_aranges
                0x000001e8       0x20 C:/devkitPro/devkitARM/bin/../lib/gcc/arm-none-eabi/16.1.0/thumb\libgcc.a(_udivmoddi4.o)
 .debug_aranges
                0x00000208       0x20 C:/devkitPro/devkitARM/bin/../lib/gcc/arm-none-eabi/16.1.0/thumb\libgcc.a(_clzdi2.o)
 .debug_aranges
                0x00000228       0x20 C:/devkitPro/devkitARM/bin/../lib/gcc/arm-none-eabi/16.1.0/thumb\libgcc.a(_clzsi2.o)

.debug_pubnames
 *(.debug_pubnames)

.debug_info     0x00000000     0x42bd
 *(.debug_info)
 .debug_info    0x00000000      0x9e2 boot_loader.o
 .debug_info    0x000009e2      0x688 game_logic.o
 .debug_info    0x0000106a      0x167 menu_navigation_manager.o
 .debug_info    0x000011d1      0xf0c music.o
 .debug_info    0x000020dd      0x5c8 save_to_gba.o
 .debug_info    0x000026a5      0xb27 skiii.o
 .debug_info    0x000031cc      0x6a6 ui_manager.o
 .debug_info    0x00003872       0x3e C:/devkitPro/devkitARM/bin/../lib/gcc/arm-none-eabi/16.1.0/thumb\libgcc.a(_udivsi3.o)
 .debug_info    0x000038b0       0x3e C:/devkitPro/devkitARM/bin/../lib/gcc/arm-none-eabi/16.1.0/thumb\libgcc.a(_divsi3.o)
 .debug_info    0x000038ee       0x3c C:/devkitPro/devkitARM/bin/../lib/gcc/arm-none-eabi/16.1.0/thumb\libgcc.a(_dvmd_tls.o)
 .debug_info    0x0000392a       0xda C:/devkitPro/devkitARM/bin/../lib/gcc/arm-none-eabi/16.1.0/thumb\libgcc.a(_call_via_rX.o)
 .debug_info    0x00003a04       0x31 C:/devkitPro/devkitARM/bin/../lib/gcc/arm-none-eabi/16.1.0/thumb\libgcc.a(_thumb1_case_uqi.o)
 .debug_info    0x00003a35       0x31 C:/devkitPro/devkitARM/bin/../lib/gcc/arm-none-eabi/16.1.0/thumb\libgcc.a(_thumb1_case_uhi.o)
 .debug_info    0x00003a66       0x24 C:/devkitPro/devkitARM/bin/../lib/gcc/arm-none-eabi/16.1.0/thumb\libgcc.a(_aeabi_uldivmod.o)
 .debug_info    0x00003a8a      0x427 C:/devkitPro/devkitARM/bin/../lib/gcc/arm-none-eabi/16.1.0/thumb\libgcc.a(_muldi3.o)
 .debug_info    0x00003eb1      0x3aa C:/devkitPro/devkitARM/bin/../lib/gcc/arm-none-eabi/16.1.0/thumb\libgcc.a(_udivmoddi4.o)
 .debug_info    0x0000425b       0x31 C:/devkitPro/devkitARM/bin/../lib/gcc/arm-none-eabi/16.1.0/thumb\libgcc.a(_clzdi2.o)
 .debug_info    0x0000428c       0x31 C:/devkitPro/devkitARM/bin/../lib/gcc/arm-none-eabi/16.1.0/thumb\libgcc.a(_clzsi2.o)

.debug_abbrev   0x00000000     0x171d
 *(.debug_abbrev)
 .debug_abbrev  0x00000000      0x2ed boot_loader.o
 .debug_abbrev  0x000002ed      0x316 game_logic.o
 .debug_abbrev  0x00000603      0x111 menu_navigation_manager.o
 .debug_abbrev  0x00000714      0x341 music.o
 .debug_abbrev  0x00000a55      0x21f save_to_gba.o
 .debug_abbrev  0x00000c74      0x3c5 skiii.o
 .debug_abbrev  0x00001039      0x314 ui_manager.o
 .debug_abbrev  0x0000134d       0x28 C:/devkitPro/devkitARM/bin/../lib/gcc/arm-none-eabi/16.1.0/thumb\libgcc.a(_udivsi3.o)
 .debug_abbrev  0x00001375       0x28 C:/devkitPro/devkitARM/bin/../lib/gcc/arm-none-eabi/16.1.0/thumb\libgcc.a(_divsi3.o)
 .debug_abbrev  0x0000139d       0x26 C:/devkitPro/devkitARM/bin/../lib/gcc/arm-none-eabi/16.1.0/thumb\libgcc.a(_dvmd_tls.o)
 .debug_abbrev  0x000013c3       0x28 C:/devkitPro/devkitARM/bin/../lib/gcc/arm-none-eabi/16.1.0/thumb\libgcc.a(_call_via_rX.o)
 .debug_abbrev  0x000013eb       0x28 C:/devkitPro/devkitARM/bin/../lib/gcc/arm-none-eabi/16.1.0/thumb\libgcc.a(_thumb1_case_uqi.o)
 .debug_abbrev  0x00001413       0x28 C:/devkitPro/devkitARM/bin/../lib/gcc/arm-none-eabi/16.1.0/thumb\libgcc.a(_thumb1_case_uhi.o)
 .debug_abbrev  0x0000143b       0x14 C:/devkitPro/devkitARM/bin/../lib/gcc/arm-none-eabi/16.1.0/thumb\libgcc.a(_aeabi_uldivmod.o)
 .debug_abbrev  0x0000144f      0x158 C:/devkitPro/devkitARM/bin/../lib/gcc/arm-none-eabi/16.1.0/thumb\libgcc.a(_muldi3.o)
 .debug_abbrev  0x000015a7      0x126 C:/devkitPro/devkitARM/bin/../lib/gcc/arm-none-eabi/16.1.0/thumb\libgcc.a(_udivmoddi4.o)
 .debug_abbrev  0x000016cd       0x28 C:/devkitPro/devkitARM/bin/../lib/gcc/arm-none-eabi/16.1.0/thumb\libgcc.a(_clzdi2.o)
 .debug_abbrev  0x000016f5       0x28 C:/devkitPro/devkitARM/bin/../lib/gcc/arm-none-eabi/16.1.0/thumb\libgcc.a(_clzsi2.o)

.debug_line     0x00000000     0x2e4f
 *(.debug_line)
 .debug_line    0x00000000      0x3e3 boot_loader.o
 .debug_line    0x000003e3      0x738 game_logic.o
 .debug_line    0x00000b1b      0x187 menu_navigation_manager.o
 .debug_line    0x00000ca2      0xa4c music.o
 .debug_line    0x000016ee      0x67b save_to_gba.o
 .debug_line    0x00001d69      0x6d8 skiii.o
 .debug_line    0x00002441      0x3c4 ui_manager.o
 .debug_line    0x00002805       0x67 C:/devkitPro/devkitARM/bin/../lib/gcc/arm-none-eabi/16.1.0/thumb\libgcc.a(_udivsi3.o)
 .debug_line    0x0000286c       0x73 C:/devkitPro/devkitARM/bin/../lib/gcc/arm-none-eabi/16.1.0/thumb\libgcc.a(_divsi3.o)
 .debug_line    0x000028df       0x4a C:/devkitPro/devkitARM/bin/../lib/gcc/arm-none-eabi/16.1.0/thumb\libgcc.a(_dvmd_tls.o)
 .debug_line    0x00002929       0x58 C:/devkitPro/devkitARM/bin/../lib/gcc/arm-none-eabi/16.1.0/thumb\libgcc.a(_call_via_rX.o)
 .debug_line    0x00002981       0x52 C:/devkitPro/devkitARM/bin/../lib/gcc/arm-none-eabi/16.1.0/thumb\libgcc.a(_thumb1_case_uqi.o)
 .debug_line    0x000029d3       0x53 C:/devkitPro/devkitARM/bin/../lib/gcc/arm-none-eabi/16.1.0/thumb\libgcc.a(_thumb1_case_uhi.o)
 .debug_line    0x00002a26       0x4e C:/devkitPro/devkitARM/bin/../lib/gcc/arm-none-eabi/16.1.0/thumb\libgcc.a(_aeabi_uldivmod.o)
 .debug_line    0x00002a74      0x149 C:/devkitPro/devkitARM/bin/../lib/gcc/arm-none-eabi/16.1.0/thumb\libgcc.a(_muldi3.o)
 .debug_line    0x00002bbd      0x1e7 C:/devkitPro/devkitARM/bin/../lib/gcc/arm-none-eabi/16.1.0/thumb\libgcc.a(_udivmoddi4.o)
 .debug_line    0x00002da4       0x54 C:/devkitPro/devkitARM/bin/../lib/gcc/arm-none-eabi/16.1.0/thumb\libgcc.a(_clzdi2.o)
 .debug_line    0x00002df8       0x57 C:/devkitPro/devkitARM/bin/../lib/gcc/arm-none-eabi/16.1.0/thumb\libgcc.a(_clzsi2.o)

.debug_frame    0x00000000      0x46c
 *(.debug_frame)
 .debug_frame   0x00000000       0x58 boot_loader.o
 .debug_frame   0x00000058       0x80 game_logic.o
 .debug_frame   0x000000d8       0x88 menu_navigation_manager.o
 .debug_frame   0x00000160       0xc8 music.o
 .debug_frame   0x00000228       0x74 save_to_gba.o
 .debug_frame   0x0000029c       0x6c skiii.o
 .debug_frame   0x00000308       0x88 ui_manager.o
 .debug_frame   0x00000390       0x20 C:/devkitPro/devkitARM/bin/../lib/gcc/arm-none-eabi/16.1.0/thumb\libgcc.a(_udivsi3.o)
 .debug_frame   0x000003b0       0x20 C:/devkitPro/devkitARM/bin/../lib/gcc/arm-none-eabi/16.1.0/thumb\libgcc.a(_divsi3.o)
 .debug_frame   0x000003d0       0x2c C:/devkitPro/devkitARM/bin/../lib/gcc/arm-none-eabi/16.1.0/thumb\libgcc.a(_aeabi_uldivmod.o)
 .debug_frame   0x000003fc       0x34 C:/devkitPro/devkitARM/bin/../lib/gcc/arm-none-eabi/16.1.0/thumb\libgcc.a(_muldi3.o)
 .debug_frame   0x00000430       0x3c C:/devkitPro/devkitARM/bin/../lib/gcc/arm-none-eabi/16.1.0/thumb\libgcc.a(_udivmoddi4.o)

.debug_str      0x00000000     0x16e0
 *(.debug_str)
 .debug_str     0x00000000     0x16e0 boot_loader.o
                                0x507 (size before relaxing)
 .debug_str     0x000016e0        0x0 game_logic.o
                                0x4f6 (size before relaxing)
 .debug_str     0x000016e0        0x0 menu_navigation_manager.o
                                0x19f (size before relaxing)
 .debug_str     0x000016e0        0x0 music.o
                                0x42b (size before relaxing)
 .debug_str     0x000016e0        0x0 save_to_gba.o
                                0x300 (size before relaxing)
 .debug_str     0x000016e0        0x0 skiii.o
                                0x674 (size before relaxing)
 .debug_str     0x000016e0        0x0 ui_manager.o
                                0x363 (size before relaxing)
 .debug_str     0x000016e0        0x0 C:/devkitPro/devkitARM/bin/../lib/gcc/arm-none-eabi/16.1.0/thumb\libgcc.a(_udivsi3.o)
                                 0xf6 (size before relaxing)
 .debug_str     0x000016e0        0x0 C:/devkitPro/devkitARM/bin/../lib/gcc/arm-none-eabi/16.1.0/thumb\libgcc.a(_divsi3.o)
                                 0xf4 (size before relaxing)
 .debug_str     0x000016e0        0x0 C:/devkitPro/devkitARM/bin/../lib/gcc/arm-none-eabi/16.1.0/thumb\libgcc.a(_dvmd_tls.o)
                                 0xf7 (size before relaxing)
 .debug_str     0x000016e0        0x0 C:/devkitPro/devkitARM/bin/../lib/gcc/arm-none-eabi/16.1.0/thumb\libgcc.a(_call_via_rX.o)
                                0x19e (size before relaxing)
 .debug_str     0x000016e0        0x0 C:/devkitPro/devkitARM/bin/../lib/gcc/arm-none-eabi/16.1.0/thumb\libgcc.a(_thumb1_case_uqi.o)
                                 0xf1 (size before relaxing)
 .debug_str     0x000016e0        0x0 C:/devkitPro/devkitARM/bin/../lib/gcc/arm-none-eabi/16.1.0/thumb\libgcc.a(_thumb1_case_uhi.o)
                                 0xf1 (size before relaxing)
 .debug_str     0x000016e0        0x0 C:/devkitPro/devkitARM/bin/../lib/gcc/arm-none-eabi/16.1.0/thumb\libgcc.a(_aeabi_uldivmod.o)
                                 0xd7 (size before relaxing)
 .debug_str     0x000016e0        0x0 C:/devkitPro/devkitARM/bin/../lib/gcc/arm-none-eabi/16.1.0/thumb\libgcc.a(_muldi3.o)
                                0x6ad (size before relaxing)
 .debug_str     0x000016e0        0x0 C:/devkitPro/devkitARM/bin/../lib/gcc/arm-none-eabi/16.1.0/thumb\libgcc.a(_udivmoddi4.o)
                                0x686 (size before relaxing)
 .debug_str     0x000016e0        0x0 C:/devkitPro/devkitARM/bin/../lib/gcc/arm-none-eabi/16.1.0/thumb\libgcc.a(_clzdi2.o)
                                 0xe4 (size before relaxing)
 .debug_str     0x000016e0        0x0 C:/devkitPro/devkitARM/bin/../lib/gcc/arm-none-eabi/16.1.0/thumb\libgcc.a(_clzsi2.o)
                                 0xe4 (size before relaxing)

.debug_loc
 *(.debug_loc)

.debug_macinfo
 *(.debug_macinfo)

.debug_weaknames
 *(.debug_weaknames)

.debug_funcnames
 *(.debug_funcnames)

.debug_typenames
 *(.debug_typenames)

.debug_varnames
 *(.debug_varnames)

.stack          0x00080000        0x0
                0x00080000                        _stack = .
 *(.stack)

.note.gnu.arm.ident
 *(.note.gnu.arm.ident)

.ARM.attributes
                0x00000000       0x2c
 *(.ARM.attributes)
 .ARM.attributes
                0x00000000       0x20 C:/devkitPro/devkitARM/bin/../lib/gcc/arm-none-eabi/16.1.0/../../../../arm-none-eabi/lib/thumb/gba_crt0.o
 .ARM.attributes
                0x00000020       0x1c C:/devkitPro/devkitARM/bin/../lib/gcc/arm-none-eabi/16.1.0/thumb/crti.o
 .ARM.attributes
                0x0000003c       0x2a C:/devkitPro/devkitARM/bin/../lib/gcc/arm-none-eabi/16.1.0/thumb/crtbegin.o
 .ARM.attributes
                0x00000066       0x1a soundbank.bin.o
 .ARM.attributes
                0x00000080       0x2a boot_loader.o
 .ARM.attributes
                0x000000aa       0x2a game_logic.o
 .ARM.attributes
                0x000000d4       0x2a menu_navigation_manager.o
 .ARM.attributes
                0x000000fe       0x2a music.o
 .ARM.attributes
                0x00000128       0x2a save_to_gba.o
 .ARM.attributes
                0x00000152       0x2a skiii.o
 .ARM.attributes
                0x0000017c       0x2a ui_manager.o
 .ARM.attributes
                0x000001a6       0x1a options.o
 .ARM.attributes
                0x000001c0       0x1a results_backdrop.o
 .ARM.attributes
                0x000001da       0x1a skiii_logo.o
 .ARM.attributes
                0x000001f4       0x1a snow_floor.o
 .ARM.attributes
                0x0000020e       0x1a snow_floor32.o
 .ARM.attributes
                0x00000228       0x1a square_objects.o
 .ARM.attributes
                0x00000242       0x1a start.o
 .ARM.attributes
                0x0000025c       0x1a C:/devkitPro/libgba/lib\libmm.a(mm_effect.o)
 .ARM.attributes
                0x00000276       0x1a C:/devkitPro/libgba/lib\libmm.a(mm_mas_arm.o)
 .ARM.attributes
                0x00000290       0x1a C:/devkitPro/libgba/lib\libmm.a(mm_mixer_gba.o)
 .ARM.attributes
                0x000002aa       0x1a C:/devkitPro/libgba/lib\libmm.a(mm_init_default.o)
 .ARM.attributes
                0x000002c4       0x1a C:/devkitPro/libgba/lib\libmm.a(mm_main_gba.o)
 .ARM.attributes
                0x000002de       0x1a C:/devkitPro/libgba/lib\libmm.a(mm_mas.o)
 .ARM.attributes
                0x000002f8       0x1a C:/devkitPro/libgba/lib\libmm.a(mm_main.o)
 .ARM.attributes
                0x00000312       0x2a C:/devkitPro/libtonc/lib\libtonc.a(tonc_core.o)
 .ARM.attributes
                0x0000033c       0x2a C:/devkitPro/libtonc/lib\libtonc.a(tonc_input.o)
 .ARM.attributes
                0x00000366       0x2a C:/devkitPro/libtonc/lib\libtonc.a(tonc_irq.o)
 .ARM.attributes
                0x00000390       0x2a C:/devkitPro/libtonc/lib\libtonc.a(tonc_oam.o)
 .ARM.attributes
                0x000003ba       0x2a C:/devkitPro/libtonc/lib\libtonc.a(tte_init_se.o)
 .ARM.attributes
                0x000003e4       0x2a C:/devkitPro/libtonc/lib\libtonc.a(tte_iohook.o)
 .ARM.attributes
                0x0000040e       0x2a C:/devkitPro/libtonc/lib\libtonc.a(tte_main.o)
 .ARM.attributes
                0x00000438       0x1a C:/devkitPro/libtonc/lib\libtonc.a(tonc_bios_ex.o)
 .ARM.attributes
                0x00000452       0x1a C:/devkitPro/libtonc/lib\libtonc.a(tonc_bios.o)
 .ARM.attributes
                0x0000046c       0x1a C:/devkitPro/libtonc/lib\libtonc.a(tonc_isr_master.o)
 .ARM.attributes
                0x00000486       0x1a C:/devkitPro/libtonc/lib\libtonc.a(tonc_memcpy.o)
 .ARM.attributes
                0x000004a0       0x1a C:/devkitPro/libtonc/lib\libtonc.a(tonc_memset.o)
 .ARM.attributes
                0x000004ba       0x1a C:/devkitPro/libtonc/lib\libtonc.a(tonc_nocash.o)
 .ARM.attributes
                0x000004d4       0x1a C:/devkitPro/libtonc/lib\libtonc.a(sys8.o)
 .ARM.attributes
                0x000004ee       0x2a C:/devkitPro/libtonc/lib\libtonc.a(tonc_surface.o)
 .ARM.attributes
                0x00000518       0x2a C:/devkitPro/libtonc/lib\libtonc.a(se_drawg.o)
 .ARM.attributes
                0x00000542       0x2a C:/devkitPro/libtonc/lib\libtonc.a(tonc_sbmp16.o)
 .ARM.attributes
                0x0000056c       0x1c C:/devkitPro/devkitARM/bin/../lib/gcc/arm-none-eabi/16.1.0/thumb\libgcc.a(_udivsi3.o)
 .ARM.attributes
                0x00000588       0x1c C:/devkitPro/devkitARM/bin/../lib/gcc/arm-none-eabi/16.1.0/thumb\libgcc.a(_divsi3.o)
 .ARM.attributes
                0x000005a4       0x1c C:/devkitPro/devkitARM/bin/../lib/gcc/arm-none-eabi/16.1.0/thumb\libgcc.a(_dvmd_tls.o)
 .ARM.attributes
                0x000005c0       0x1c C:/devkitPro/devkitARM/bin/../lib/gcc/arm-none-eabi/16.1.0/thumb\libgcc.a(_call_via_rX.o)
 .ARM.attributes
                0x000005dc       0x1c C:/devkitPro/devkitARM/bin/../lib/gcc/arm-none-eabi/16.1.0/thumb\libgcc.a(_sync_none.o)
 .ARM.attributes
                0x000005f8       0x2a C:/devkitPro/devkitARM/bin/../lib/gcc/arm-none-eabi/16.1.0/../../../../arm-none-eabi/lib/thumb\libg.a(libc_a-rand.o)
 .ARM.attributes
                0x00000622       0x2a C:/devkitPro/devkitARM/bin/../lib/gcc/arm-none-eabi/16.1.0/../../../../arm-none-eabi/lib/thumb\libg.a(libc_a-memset.o)
 .ARM.attributes
                0x0000064c       0x2a C:/devkitPro/devkitARM/bin/../lib/gcc/arm-none-eabi/16.1.0/../../../../arm-none-eabi/lib/thumb\libg.a(libc_a-setvbuf.o)
 .ARM.attributes
                0x00000676       0x2a C:/devkitPro/devkitARM/bin/../lib/gcc/arm-none-eabi/16.1.0/../../../../arm-none-eabi/lib/thumb\libg.a(libc_a-findfp.o)
 .ARM.attributes
                0x000006a0       0x2a C:/devkitPro/devkitARM/bin/../lib/gcc/arm-none-eabi/16.1.0/../../../../arm-none-eabi/lib/thumb\libg.a(libc_a-strtol.o)
 .ARM.attributes
                0x000006ca       0x2a C:/devkitPro/devkitARM/bin/../lib/gcc/arm-none-eabi/16.1.0/../../../../arm-none-eabi/lib/thumb\libg.a(libc_a-init.o)
 .ARM.attributes
                0x000006f4       0x2a C:/devkitPro/devkitARM/bin/../lib/gcc/arm-none-eabi/16.1.0/../../../../arm-none-eabi/lib/thumb\libg.a(libc_a-strncpy.o)
 .ARM.attributes
                0x0000071e       0x2a C:/devkitPro/devkitARM/bin/../lib/gcc/arm-none-eabi/16.1.0/../../../../arm-none-eabi/lib/thumb\libg.a(libc_a-malloc.o)
 .ARM.attributes
                0x00000748       0x2a C:/devkitPro/devkitARM/bin/../lib/gcc/arm-none-eabi/16.1.0/../../../../arm-none-eabi/lib/thumb\libg.a(libc_a-siscanf.o)
 .ARM.attributes
                0x00000772       0x2a C:/devkitPro/devkitARM/bin/../lib/gcc/arm-none-eabi/16.1.0/../../../../arm-none-eabi/lib/thumb\libg.a(libc_a-stdio.o)
 .ARM.attributes
                0x0000079c       0x2a C:/devkitPro/devkitARM/bin/../lib/gcc/arm-none-eabi/16.1.0/../../../../arm-none-eabi/lib/thumb\libg.a(libc_a-memmove.o)
 .ARM.attributes
                0x000007c6       0x2a C:/devkitPro/devkitARM/bin/../lib/gcc/arm-none-eabi/16.1.0/../../../../arm-none-eabi/lib/thumb\libg.a(libc_a-iprintf.o)
 .ARM.attributes
                0x000007f0       0x2a C:/devkitPro/devkitARM/bin/../lib/gcc/arm-none-eabi/16.1.0/../../../../arm-none-eabi/lib/thumb\libg.a(libc_a-fclose.o)
 .ARM.attributes
                0x0000081a       0x2a C:/devkitPro/devkitARM/bin/../lib/gcc/arm-none-eabi/16.1.0/../../../../arm-none-eabi/lib/thumb\libg.a(libc_a-vfiprintf.o)
 .ARM.attributes
                0x00000844       0x2a C:/devkitPro/devkitARM/bin/../lib/gcc/arm-none-eabi/16.1.0/../../../../arm-none-eabi/lib/thumb\libg.a(libc_a-ctype_.o)
 .ARM.attributes
                0x0000086e       0x2a C:/devkitPro/devkitARM/bin/../lib/gcc/arm-none-eabi/16.1.0/../../../../arm-none-eabi/lib/thumb\libg.a(libc_a-strlen.o)
 .ARM.attributes
                0x00000898       0x2a C:/devkitPro/devkitARM/bin/../lib/gcc/arm-none-eabi/16.1.0/../../../../arm-none-eabi/lib/thumb\libg.a(libc_a-impure.o)
 .ARM.attributes
                0x000008c2       0x2a C:/devkitPro/devkitARM/bin/../lib/gcc/arm-none-eabi/16.1.0/../../../../arm-none-eabi/lib/thumb\libg.a(libc_a-fwalk.o)
 .ARM.attributes
                0x000008ec       0x2a C:/devkitPro/devkitARM/bin/../lib/gcc/arm-none-eabi/16.1.0/../../../../arm-none-eabi/lib/thumb\libg.a(libc_a-wcrtomb.o)
 .ARM.attributes
                0x00000916       0x2a C:/devkitPro/devkitARM/bin/../lib/gcc/arm-none-eabi/16.1.0/../../../../arm-none-eabi/lib/thumb\libg.a(libc_a-svfiprintf.o)
 .ARM.attributes
                0x00000940       0x2a C:/devkitPro/devkitARM/bin/../lib/gcc/arm-none-eabi/16.1.0/../../../../arm-none-eabi/lib/thumb\libg.a(libc_a-ssprint_r.o)
 .ARM.attributes
                0x0000096a       0x2a C:/devkitPro/devkitARM/bin/../lib/gcc/arm-none-eabi/16.1.0/../../../../arm-none-eabi/lib/thumb\libg.a(libc_a-malignr.o)
 .ARM.attributes
                0x00000994       0x2a C:/devkitPro/devkitARM/bin/../lib/gcc/arm-none-eabi/16.1.0/../../../../arm-none-eabi/lib/thumb\libg.a(libc_a-errno.o)
 .ARM.attributes
                0x000009be       0x2a C:/devkitPro/devkitARM/bin/../lib/gcc/arm-none-eabi/16.1.0/../../../../arm-none-eabi/lib/thumb\libg.a(libc_a-makebuf.o)
 .ARM.attributes
                0x000009e8       0x2a C:/devkitPro/devkitARM/bin/../lib/gcc/arm-none-eabi/16.1.0/../../../../arm-none-eabi/lib/thumb\libg.a(libc_a-locale.o)
 .ARM.attributes
                0x00000a12       0x2a C:/devkitPro/devkitARM/bin/../lib/gcc/arm-none-eabi/16.1.0/../../../../arm-none-eabi/lib/thumb\libg.a(libc_a-fflush.o)
 .ARM.attributes
                0x00000a3c       0x2a C:/devkitPro/devkitARM/bin/../lib/gcc/arm-none-eabi/16.1.0/../../../../arm-none-eabi/lib/thumb\libg.a(libc_a-sprint_r.o)
 .ARM.attributes
                0x00000a66       0x2a C:/devkitPro/devkitARM/bin/../lib/gcc/arm-none-eabi/16.1.0/../../../../arm-none-eabi/lib/thumb\libg.a(libc_a-mallocr.o)
 .ARM.attributes
                0x00000a90       0x1a C:/devkitPro/devkitARM/bin/../lib/gcc/arm-none-eabi/16.1.0/../../../../arm-none-eabi/lib/thumb\libg.a(libc_a-strcmp.o)
 .ARM.attributes
                0x00000aaa       0x2a C:/devkitPro/devkitARM/bin/../lib/gcc/arm-none-eabi/16.1.0/../../../../arm-none-eabi/lib/thumb\libg.a(libc_a-freer.o)
 .ARM.attributes
                0x00000ad4       0x2a C:/devkitPro/devkitARM/bin/../lib/gcc/arm-none-eabi/16.1.0/../../../../arm-none-eabi/lib/thumb\libg.a(libc_a-svfiscanf.o)
 .ARM.attributes
                0x00000afe       0x2a C:/devkitPro/devkitARM/bin/../lib/gcc/arm-none-eabi/16.1.0/../../../../arm-none-eabi/lib/thumb\libg.a(libc_a-memchr-stub.o)
 .ARM.attributes
                0x00000b28       0x2a C:/devkitPro/devkitARM/bin/../lib/gcc/arm-none-eabi/16.1.0/../../../../arm-none-eabi/lib/thumb\libg.a(libc_a-wcsrtombs.o)
 .ARM.attributes
                0x00000b52       0x2a C:/devkitPro/devkitARM/bin/../lib/gcc/arm-none-eabi/16.1.0/../../../../arm-none-eabi/lib/thumb\libg.a(libc_a-wsetup.o)
 .ARM.attributes
                0x00000b7c       0x2a C:/devkitPro/devkitARM/bin/../lib/gcc/arm-none-eabi/16.1.0/../../../../arm-none-eabi/lib/thumb\libg.a(libc_a-getenv_r.o)
 .ARM.attributes
                0x00000ba6       0x2a C:/devkitPro/devkitARM/bin/../lib/gcc/arm-none-eabi/16.1.0/../../../../arm-none-eabi/lib/thumb\libg.a(libc_a-localeconv.o)
 .ARM.attributes
                0x00000bd0       0x2a C:/devkitPro/devkitARM/bin/../lib/gcc/arm-none-eabi/16.1.0/../../../../arm-none-eabi/lib/thumb\libg.a(libc_a-mlock.o)
 .ARM.attributes
                0x00000bfa       0x2a C:/devkitPro/devkitARM/bin/../lib/gcc/arm-none-eabi/16.1.0/../../../../arm-none-eabi/lib/thumb\libg.a(libc_a-ssputs_r.o)
 .ARM.attributes
                0x00000c24       0x2a C:/devkitPro/devkitARM/bin/../lib/gcc/arm-none-eabi/16.1.0/../../../../arm-none-eabi/lib/thumb\libg.a(libc_a-wctomb_r.o)
 .ARM.attributes
                0x00000c4e       0x2a C:/devkitPro/devkitARM/bin/../lib/gcc/arm-none-eabi/16.1.0/../../../../arm-none-eabi/lib/thumb\libg.a(libc_a-strncmp.o)
 .ARM.attributes
                0x00000c78       0x2a C:/devkitPro/devkitARM/bin/../lib/gcc/arm-none-eabi/16.1.0/../../../../arm-none-eabi/lib/thumb\libg.a(libc_a-wcsnrtombs.o)
 .ARM.attributes
                0x00000ca2       0x2a C:/devkitPro/devkitARM/bin/../lib/gcc/arm-none-eabi/16.1.0/../../../../arm-none-eabi/lib/thumb\libg.a(libc_a-strcat.o)
 .ARM.attributes
                0x00000ccc       0x2a C:/devkitPro/devkitARM/bin/../lib/gcc/arm-none-eabi/16.1.0/../../../../arm-none-eabi/lib/thumb\libg.a(libc_a-memcpy-stub.o)
 .ARM.attributes
                0x00000cf6       0x2a C:/devkitPro/devkitARM/bin/../lib/gcc/arm-none-eabi/16.1.0/../../../../arm-none-eabi/lib/thumb\libg.a(libc_a-envlock.o)
 .ARM.attributes
                0x00000d20       0x2a C:/devkitPro/devkitARM/bin/../lib/gcc/arm-none-eabi/16.1.0/../../../../arm-none-eabi/lib/thumb\libg.a(libc_a-iswspace.o)
 .ARM.attributes
                0x00000d4a       0x2a C:/devkitPro/devkitARM/bin/../lib/gcc/arm-none-eabi/16.1.0/../../../../arm-none-eabi/lib/thumb\libg.a(libc_a-strlcpy.o)
 .ARM.attributes
                0x00000d74       0x2a C:/devkitPro/devkitARM/bin/../lib/gcc/arm-none-eabi/16.1.0/../../../../arm-none-eabi/lib/thumb\libg.a(libc_a-strtoull.o)
 .ARM.attributes
                0x00000d9e       0x2a C:/devkitPro/devkitARM/bin/../lib/gcc/arm-none-eabi/16.1.0/../../../../arm-none-eabi/lib/thumb\libg.a(libc_a-strcasecmp.o)
 .ARM.attributes
                0x00000dc8       0x2a C:/devkitPro/devkitARM/bin/../lib/gcc/arm-none-eabi/16.1.0/../../../../arm-none-eabi/lib/thumb\libg.a(libc_a-strtoul.o)
 .ARM.attributes
                0x00000df2       0x2a C:/devkitPro/devkitARM/bin/../lib/gcc/arm-none-eabi/16.1.0/../../../../arm-none-eabi/lib/thumb\libg.a(libc_a-ungetc.o)
 .ARM.attributes
                0x00000e1c       0x2a C:/devkitPro/devkitARM/bin/../lib/gcc/arm-none-eabi/16.1.0/../../../../arm-none-eabi/lib/thumb\libg.a(libc_a-mbtowc_r.o)
 .ARM.attributes
                0x00000e46       0x2a C:/devkitPro/devkitARM/bin/../lib/gcc/arm-none-eabi/16.1.0/../../../../arm-none-eabi/lib/thumb\libg.a(libc_a-mbrtowc.o)
 .ARM.attributes
                0x00000e70       0x2a C:/devkitPro/devkitARM/bin/../lib/gcc/arm-none-eabi/16.1.0/../../../../arm-none-eabi/lib/thumb\libg.a(libc_a-strncasecmp.o)
 .ARM.attributes